Archive member included to satisfy reference by file (symbol)

../mtb_shared/capsense/release-v3.0.1/COMPONENT_SOFTFP/TOOLCHAIN_GCC_ARM/libcy_capsense.a(cy_capsense_smartsense_fw_lib.o)
                              C:/Users/mattf/OneDrive/ece315/ece315-mtb-mfrisch3-submit-app/build/CY8CKIT-145-40XX/Debug/ext/mtb_shared/capsense/release-v3.0.1/cy_capsense_processing.o (Cy_CapSense_UpdateThresholds_Lib)
c:/users/mattf/modustoolbox/tools_2.4/gcc/bin/../lib/gcc/arm-none-eabi/10.3.1/thumb/v6-m/nofp\libgcc.a(_udivsi3.o)
                              C:/Users/mattf/OneDrive/ece315/ece315-mtb-mfrisch3-submit-app/build/CY8CKIT-145-40XX/Debug/libs/TARGET_CY8CKIT-145-40XX/system_cat2.o (__aeabi_uidiv)
c:/users/mattf/modustoolbox/tools_2.4/gcc/bin/../lib/gcc/arm-none-eabi/10.3.1/thumb/v6-m/nofp\libgcc.a(_divsi3.o)
                              C:/Users/mattf/OneDrive/ece315/ece315-mtb-mfrisch3-submit-app/build/CY8CKIT-145-40XX/Debug/ext/mtb_shared/capsense/release-v3.0.1/cy_capsense_centroid.o (__aeabi_idiv)
c:/users/mattf/modustoolbox/tools_2.4/gcc/bin/../lib/gcc/arm-none-eabi/10.3.1/thumb/v6-m/nofp\libgcc.a(_dvmd_tls.o)
                              c:/users/mattf/modustoolbox/tools_2.4/gcc/bin/../lib/gcc/arm-none-eabi/10.3.1/thumb/v6-m/nofp\libgcc.a(_udivsi3.o) (__aeabi_idiv0)
c:/users/mattf/modustoolbox/tools_2.4/gcc/bin/../lib/gcc/arm-none-eabi/10.3.1/thumb/v6-m/nofp\libgcc.a(_arm_cmpsf2.o)
                              C:/Users/mattf/OneDrive/ece315/ece315-mtb-mfrisch3-submit-app/build/CY8CKIT-145-40XX/Debug/ext/mtb_shared/mtb-hal-cat2/release-v2.0.0/COMPONENT_CAT2/source/cyhal_pwm.o (__aeabi_fcmplt)
c:/users/mattf/modustoolbox/tools_2.4/gcc/bin/../lib/gcc/arm-none-eabi/10.3.1/thumb/v6-m/nofp\libgcc.a(_clzsi2.o)
                              C:/Users/mattf/OneDrive/ece315/ece315-mtb-mfrisch3-submit-app/build/CY8CKIT-145-40XX/Debug/ext/mtb_shared/mtb-hal-cat2/release-v2.0.0/COMPONENT_CAT2/source/cyhal_gpio.o (__clzsi2)
c:/users/mattf/modustoolbox/tools_2.4/gcc/bin/../lib/gcc/arm-none-eabi/10.3.1/thumb/v6-m/nofp\libgcc.a(_aeabi_ldivmod.o)
                              C:/Users/mattf/OneDrive/ece315/ece315-mtb-mfrisch3-submit-app/build/CY8CKIT-145-40XX/Debug/ext/mtb_shared/mtb-hal-cat2/release-v2.0.0/COMPONENT_CAT2/source/cyhal_utils_psoc.o (__aeabi_ldivmod)
c:/users/mattf/modustoolbox/tools_2.4/gcc/bin/../lib/gcc/arm-none-eabi/10.3.1/thumb/v6-m/nofp\libgcc.a(_aeabi_uldivmod.o)
                              C:/Users/mattf/OneDrive/ece315/ece315-mtb-mfrisch3-submit-app/build/CY8CKIT-145-40XX/Debug/ext/mtb_shared/mtb-hal-cat2/release-v2.0.0/COMPONENT_CAT2/source/cyhal_pwm.o (__aeabi_uldivmod)
c:/users/mattf/modustoolbox/tools_2.4/gcc/bin/../lib/gcc/arm-none-eabi/10.3.1/thumb/v6-m/nofp\libgcc.a(_muldi3.o)
                              C:/Users/mattf/OneDrive/ece315/ece315-mtb-mfrisch3-submit-app/build/CY8CKIT-145-40XX/Debug/ext/mtb_shared/mtb-hal-cat2/release-v2.0.0/COMPONENT_CAT2/source/cyhal_pwm.o (__aeabi_lmul)
c:/users/mattf/modustoolbox/tools_2.4/gcc/bin/../lib/gcc/arm-none-eabi/10.3.1/thumb/v6-m/nofp\libgcc.a(_fixunssfsi.o)
                              C:/Users/mattf/OneDrive/ece315/ece315-mtb-mfrisch3-submit-app/build/CY8CKIT-145-40XX/Debug/ext/mtb_shared/mtb-hal-cat2/release-v2.0.0/COMPONENT_CAT2/source/cyhal_pwm.o (__aeabi_f2uiz)
c:/users/mattf/modustoolbox/tools_2.4/gcc/bin/../lib/gcc/arm-none-eabi/10.3.1/thumb/v6-m/nofp\libgcc.a(_udivmoddi4.o)
                              c:/users/mattf/modustoolbox/tools_2.4/gcc/bin/../lib/gcc/arm-none-eabi/10.3.1/thumb/v6-m/nofp\libgcc.a(_aeabi_uldivmod.o) (__udivmoddi4)
c:/users/mattf/modustoolbox/tools_2.4/gcc/bin/../lib/gcc/arm-none-eabi/10.3.1/thumb/v6-m/nofp\libgcc.a(bpabi.o)
                              c:/users/mattf/modustoolbox/tools_2.4/gcc/bin/../lib/gcc/arm-none-eabi/10.3.1/thumb/v6-m/nofp\libgcc.a(_aeabi_ldivmod.o) (__gnu_ldivmod_helper)
c:/users/mattf/modustoolbox/tools_2.4/gcc/bin/../lib/gcc/arm-none-eabi/10.3.1/thumb/v6-m/nofp\libgcc.a(divsf3.o)
                              C:/Users/mattf/OneDrive/ece315/ece315-mtb-mfrisch3-submit-app/build/CY8CKIT-145-40XX/Debug/ext/mtb_shared/mtb-hal-cat2/release-v2.0.0/COMPONENT_CAT2/source/cyhal_spi.o (__aeabi_fdiv)
c:/users/mattf/modustoolbox/tools_2.4/gcc/bin/../lib/gcc/arm-none-eabi/10.3.1/thumb/v6-m/nofp\libgcc.a(eqsf2.o)
                              c:/users/mattf/modustoolbox/tools_2.4/gcc/bin/../lib/gcc/arm-none-eabi/10.3.1/thumb/v6-m/nofp\libgcc.a(_arm_cmpsf2.o) (__eqsf2)
c:/users/mattf/modustoolbox/tools_2.4/gcc/bin/../lib/gcc/arm-none-eabi/10.3.1/thumb/v6-m/nofp\libgcc.a(gesf2.o)
                              c:/users/mattf/modustoolbox/tools_2.4/gcc/bin/../lib/gcc/arm-none-eabi/10.3.1/thumb/v6-m/nofp\libgcc.a(_arm_cmpsf2.o) (__gesf2)
c:/users/mattf/modustoolbox/tools_2.4/gcc/bin/../lib/gcc/arm-none-eabi/10.3.1/thumb/v6-m/nofp\libgcc.a(lesf2.o)
                              c:/users/mattf/modustoolbox/tools_2.4/gcc/bin/../lib/gcc/arm-none-eabi/10.3.1/thumb/v6-m/nofp\libgcc.a(_arm_cmpsf2.o) (__lesf2)
[...]
Memory Configuration

Name             Origin             Length             Attributes
FLASH            0x00000000         0x00008000         xr
RAM              0x20000000         0x00001000         xrw
*default*        0x00000000         0xffffffff

Linker script and memory map

LOAD c:/users/mattf/modustoolbox/tools_2.4/gcc/bin/../lib/gcc/arm-none-eabi/10.3.1/thumb/v6-m/nofp/crti.o
LOAD c:/users/mattf/modustoolbox/tools_2.4/gcc/bin/../lib/gcc/arm-none-eabi/10.3.1/thumb/v6-m/nofp/crtbegin.o
LOAD c:/users/mattf/modustoolbox/tools_2.4/gcc/bin/../lib/gcc/arm-none-eabi/10.3.1/../../../../arm-none-eabi/lib/thumb/v6-m/nofp/crt0.o
LOAD C:/Users/mattf/OneDrive/ece315/ece315-mtb-mfrisch3-submit-app/build/CY8CKIT-145-40XX/Debug/drivers/ece315_buttons.o
LOAD C:/Users/mattf/OneDrive/ece315/ece315-mtb-mfrisch3-submit-app/build/CY8CKIT-145-40XX/Debug/drivers/ece315_buzzer.o
LOAD C:/Users/mattf/OneDrive/ece315/ece315-mtb-mfrisch3-submit-app/build/CY8CKIT-145-40XX/Debug/drivers/ece315_leds.o
LOAD C:/Users/mattf/OneDrive/ece315/ece315-mtb-mfrisch3-submit-app/build/CY8CKIT-145-40XX/Debug/drivers/timer.o
LOAD C:/Users/mattf/OneDrive/ece315/ece315-mtb-mfrisch3-submit-app/build/CY8CKIT-145-40XX/Debug/libs/TARGET_CY8CKIT-145-40XX/COMPONENT_BSP_DESIGN_MODUS/GeneratedSource/cycfg.o
LOAD C:/Users/mattf/OneDrive/ece315/ece315-mtb-mfrisch3-submit-app/build/CY8CKIT-145-40XX/Debug/libs/TARGET_CY8CKIT-145-40XX/COMPONENT_BSP_DESIGN_MODUS/GeneratedSource/cycfg_capsense.o
LOAD C:/Users/mattf/OneDrive/ece315/ece315-mtb-mfrisch3-submit-app/build/CY8CKIT-145-40XX/Debug/libs/TARGET_CY8CKIT-145-40XX/COMPONENT_BSP_DESIGN_MODUS/GeneratedSource/cycfg_clocks.o
LOAD C:/Users/mattf/OneDrive/ece315/ece315-mtb-mfrisch3-submit-app/build/CY8CKIT-145-40XX/Debug/libs/TARGET_CY8CKIT-145-40XX/COMPONENT_BSP_DESIGN_MODUS/GeneratedSource/cycfg_peripherals.o
LOAD C:/Users/mattf/OneDrive/ece315/ece315-mtb-mfrisch3-submit-app/build/CY8CKIT-145-40XX/Debug/libs/TARGET_CY8CKIT-145-40XX/COMPONENT_BSP_DESIGN_MODUS/GeneratedSource/cycfg_pins.o
LOAD C:/Users/mattf/OneDrive/ece315/ece315-mtb-mfrisch3-submit-app/build/CY8CKIT-145-40XX/Debug/libs/TARGET_CY8CKIT-145-40XX/COMPONENT_BSP_DESIGN_MODUS/GeneratedSource/cycfg_system.o
LOAD C:/Users/mattf/OneDrive/ece315/ece315-mtb-mfrisch3-submit-app/build/CY8CKIT-145-40XX/Debug/libs/TARGET_CY8CKIT-145-40XX/cybsp.o
LOAD C:/Users/mattf/OneDrive/ece315/ece315-mtb-mfrisch3-submit-app/build/CY8CKIT-145-40XX/Debug/libs/TARGET_CY8CKIT-145-40XX/startup_psoc4000s.o
LOAD C:/Users/mattf/OneDrive/ece315/ece315-mtb-mfrisch3-submit-app/build/CY8CKIT-145-40XX/Debug/libs/TARGET_CY8CKIT-145-40XX/system_cat2.o
LOAD C:/Users/mattf/OneDrive/ece315/ece315-mtb-mfrisch3-submit-app/build/CY8CKIT-145-40XX/Debug/main.o
LOAD C:/Users/mattf/OneDrive/ece315/ece315-mtb-mfrisch3-submit-app/build/CY8CKIT-145-40XX/Debug/ext/mtb_shared/mtb-pdl-cat2/release-v1.6.1/drivers/source/COMPONENT_CM0P/TOOLCHAIN_GCC_ARM/cy_syslib_gcc.o
LOAD C:/Users/mattf/OneDrive/ece315/ece315-mtb-mfrisch3-submit-app/build/CY8CKIT-145-40XX/Debug/ext/mtb_shared/capsense/release-v3.0.1/cy_capsense_centroid.o
LOAD C:/Users/mattf/OneDrive/ece315/ece315-mtb-mfrisch3-submit-app/build/CY8CKIT-145-40XX/Debug/ext/mtb_shared/capsense/release-v3.0.1/cy_capsense_control.o
LOAD C:/Users/mattf/OneDrive/ece315/ece315-mtb-mfrisch3-submit-app/build/CY8CKIT-145-40XX/Debug/ext/mtb_shared/capsense/release-v3.0.1/cy_capsense_csd_v2.o
LOAD C:/Users/mattf/OneDrive/ece315/ece315-mtb-mfrisch3-submit-app/build/CY8CKIT-145-40XX/Debug/ext/mtb_shared/capsense/release-v3.0.1/cy_capsense_csx_v2.o
LOAD C:/Users/mattf/OneDrive/ece315/ece315-mtb-mfrisch3-submit-app/build/CY8CKIT-145-40XX/Debug/ext/mtb_shared/capsense/release-v3.0.1/cy_capsense_filter.o
LOAD C:/Users/mattf/OneDrive/ece315/ece315-mtb-mfrisch3-submit-app/build/CY8CKIT-145-40XX/Debug/ext/mtb_shared/capsense/release-v3.0.1/cy_capsense_generator_v3.o
LOAD C:/Users/mattf/OneDrive/ece315/ece315-mtb-mfrisch3-submit-app/build/CY8CKIT-145-40XX/Debug/ext/mtb_shared/capsense/release-v3.0.1/cy_capsense_processing.o
LOAD C:/Users/mattf/OneDrive/ece315/ece315-mtb-mfrisch3-submit-app/build/CY8CKIT-145-40XX/Debug/ext/mtb_shared/capsense/release-v3.0.1/cy_capsense_selftest.o
LOAD C:/Users/mattf/OneDrive/ece315/ece315-mtb-mfrisch3-submit-app/build/CY8CKIT-145-40XX/Debug/ext/mtb_shared/capsense/release-v3.0.1/cy_capsense_selftest_v2.o
LOAD C:/Users/mattf/OneDrive/ece315/ece315-mtb-mfrisch3-submit-app/build/CY8CKIT-145-40XX/Debug/ext/mtb_shared/capsense/release-v3.0.1/cy_capsense_selftest_v3.o
LOAD C:/Users/mattf/OneDrive/ece315/ece315-mtb-mfrisch3-submit-app/build/CY8CKIT-145-40XX/Debug/ext/mtb_shared/capsense/release-v3.0.1/cy_capsense_sensing.o
LOAD C:/Users/mattf/OneDrive/ece315/ece315-mtb-mfrisch3-submit-app/build/CY8CKIT-145-40XX/Debug/ext/mtb_shared/capsense/release-v3.0.1/cy_capsense_sensing_v2.o
LOAD C:/Users/mattf/OneDrive/ece315/ece315-mtb-mfrisch3-submit-app/build/CY8CKIT-145-40XX/Debug/ext/mtb_shared/capsense/release-v3.0.1/cy_capsense_sensing_v3.o
LOAD C:/Users/mattf/OneDrive/ece315/ece315-mtb-mfrisch3-submit-app/build/CY8CKIT-145-40XX/Debug/ext/mtb_shared/capsense/release-v3.0.1/cy_capsense_structure.o
LOAD C:/Users/mattf/OneDrive/ece315/ece315-mtb-mfrisch3-submit-app/build/CY8CKIT-145-40XX/Debug/ext/mtb_shared/capsense/release-v3.0.1/cy_capsense_tuner.o
LOAD C:/Users/mattf/OneDrive/ece315/ece315-mtb-mfrisch3-submit-app/build/CY8CKIT-145-40XX/Debug/ext/mtb_shared/mtb-hal-cat2/release-v2.0.0/COMPONENT_CAT2/source/cyhal_adc_sar.o
LOAD C:/Users/mattf/OneDrive/ece315/ece315-mtb-mfrisch3-submit-app/build/CY8CKIT-145-40XX/Debug/ext/mtb_shared/mtb-hal-cat2/release-v2.0.0/COMPONENT_CAT2/source/cyhal_analog_common.o
LOAD C:/Users/mattf/OneDrive/ece315/ece315-mtb-mfrisch3-submit-app/build/CY8CKIT-145-40XX/Debug/ext/mtb_shared/mtb-hal-cat2/release-v2.0.0/COMPONENT_CAT2/source/cyhal_audio_common.o
LOAD C:/Users/mattf/OneDrive/ece315/ece315-mtb-mfrisch3-submit-app/build/CY8CKIT-145-40XX/Debug/ext/mtb_shared/mtb-hal-cat2/release-v2.0.0/COMPONENT_CAT2/source/cyhal_clock.o
LOAD C:/Users/mattf/OneDrive/ece315/ece315-mtb-mfrisch3-submit-app/build/CY8CKIT-145-40XX/Debug/ext/mtb_shared/mtb-hal-cat2/release-v2.0.0/COMPONENT_CAT2/source/cyhal_comp.o
LOAD C:/Users/mattf/OneDrive/ece315/ece315-mtb-mfrisch3-submit-app/build/CY8CKIT-145-40XX/Debug/ext/mtb_shared/mtb-hal-cat2/release-v2.0.0/COMPONENT_CAT2/source/cyhal_comp_ctb.o
LOAD C:/Users/mattf/OneDrive/ece315/ece315-mtb-mfrisch3-submit-app/build/CY8CKIT-145-40XX/Debug/ext/mtb_shared/mtb-hal-cat2/release-v2.0.0/COMPONENT_CAT2/source/cyhal_comp_lp.o
LOAD C:/Users/mattf/OneDrive/ece315/ece315-mtb-mfrisch3-submit-app/build/CY8CKIT-145-40XX/Debug/ext/mtb_shared/mtb-hal-cat2/release-v2.0.0/COMPONENT_CAT2/source/cyhal_crc.o
LOAD C:/Users/mattf/OneDrive/ece315/ece315-mtb-mfrisch3-submit-app/build/CY8CKIT-145-40XX/Debug/ext/mtb_shared/mtb-hal-cat2/release-v2.0.0/COMPONENT_CAT2/source/cyhal_crypto_common.o
LOAD C:/Users/mattf/OneDrive/ece315/ece315-mtb-mfrisch3-submit-app/build/CY8CKIT-145-40XX/Debug/ext/mtb_shared/mtb-hal-cat2/release-v2.0.0/COMPONENT_CAT2/source/cyhal_dma.o
LOAD C:/Users/mattf/OneDrive/ece315/ece315-mtb-mfrisch3-submit-app/build/CY8CKIT-145-40XX/Debug/ext/mtb_shared/mtb-hal-cat2/release-v2.0.0/COMPONENT_CAT2/source/cyhal_dma_dmac.o
LOAD C:/Users/mattf/OneDrive/ece315/ece315-mtb-mfrisch3-submit-app/build/CY8CKIT-145-40XX/Debug/ext/mtb_shared/mtb-hal-cat2/release-v2.0.0/COMPONENT_CAT2/source/cyhal_ezi2c.o
LOAD C:/Users/mattf/OneDrive/ece315/ece315-mtb-mfrisch3-submit-app/build/CY8CKIT-145-40XX/Debug/ext/mtb_shared/mtb-hal-cat2/release-v2.0.0/COMPONENT_CAT2/source/cyhal_flash.o
LOAD C:/Users/mattf/OneDrive/ece315/ece315-mtb-mfrisch3-submit-app/build/CY8CKIT-145-40XX/Debug/ext/mtb_shared/mtb-hal-cat2/release-v2.0.0/COMPONENT_CAT2/source/cyhal_gpio.o
LOAD C:/Users/mattf/OneDrive/ece315/ece315-mtb-mfrisch3-submit-app/build/CY8CKIT-145-40XX/Debug/ext/mtb_shared/mtb-hal-cat2/release-v2.0.0/COMPONENT_CAT2/source/cyhal_hwmgr.o
LOAD C:/Users/mattf/OneDrive/ece315/ece315-mtb-mfrisch3-submit-app/build/CY8CKIT-145-40XX/Debug/ext/mtb_shared/mtb-hal-cat2/release-v2.0.0/COMPONENT_CAT2/source/cyhal_i2c.o
LOAD C:/Users/mattf/OneDrive/ece315/ece315-mtb-mfrisch3-submit-app/build/CY8CKIT-145-40XX/Debug/ext/mtb_shared/mtb-hal-cat2/release-v2.0.0/COMPONENT_CAT2/source/cyhal_i2s.o
LOAD C:/Users/mattf/OneDrive/ece315/ece315-mtb-mfrisch3-submit-app/build/CY8CKIT-145-40XX/Debug/ext/mtb_shared/mtb-hal-cat2/release-v2.0.0/COMPONENT_CAT2/source/cyhal_interconnect.o
LOAD C:/Users/mattf/OneDrive/ece315/ece315-mtb-mfrisch3-submit-app/build/CY8CKIT-145-40XX/Debug/ext/mtb_shared/mtb-hal-cat2/release-v2.0.0/COMPONENT_CAT2/source/cyhal_lptimer.o
LOAD C:/Users/mattf/OneDrive/ece315/ece315-mtb-mfrisch3-submit-app/build/CY8CKIT-145-40XX/Debug/ext/mtb_shared/mtb-hal-cat2/release-v2.0.0/COMPONENT_CAT2/source/cyhal_opamp.o
LOAD C:/Users/mattf/OneDrive/ece315/ece315-mtb-mfrisch3-submit-app/build/CY8CKIT-145-40XX/Debug/ext/mtb_shared/mtb-hal-cat2/release-v2.0.0/COMPONENT_CAT2/source/cyhal_pwm.o
LOAD C:/Users/mattf/OneDrive/ece315/ece315-mtb-mfrisch3-submit-app/build/CY8CKIT-145-40XX/Debug/ext/mtb_shared/mtb-hal-cat2/release-v2.0.0/COMPONENT_CAT2/source/cyhal_quaddec.o
LOAD C:/Users/mattf/OneDrive/ece315/ece315-mtb-mfrisch3-submit-app/build/CY8CKIT-145-40XX/Debug/ext/mtb_shared/mtb-hal-cat2/release-v2.0.0/COMPONENT_CAT2/source/cyhal_scb_common.o
LOAD C:/Users/mattf/OneDrive/ece315/ece315-mtb-mfrisch3-submit-app/build/CY8CKIT-145-40XX/Debug/ext/mtb_shared/mtb-hal-cat2/release-v2.0.0/COMPONENT_CAT2/source/cyhal_spi.o
LOAD C:/Users/mattf/OneDrive/ece315/ece315-mtb-mfrisch3-submit-app/build/CY8CKIT-145-40XX/Debug/ext/mtb_shared/mtb-hal-cat2/release-v2.0.0/COMPONENT_CAT2/source/cyhal_syspm.o
LOAD C:/Users/mattf/OneDrive/ece315/ece315-mtb-mfrisch3-submit-app/build/CY8CKIT-145-40XX/Debug/ext/mtb_shared/mtb-hal-cat2/release-v2.0.0/COMPONENT_CAT2/source/cyhal_system.o
LOAD C:/Users/mattf/OneDrive/ece315/ece315-mtb-mfrisch3-submit-app/build/CY8CKIT-145-40XX/Debug/ext/mtb_shared/mtb-hal-cat2/release-v2.0.0/COMPONENT_CAT2/source/cyhal_tcpwm_common.o
LOAD C:/Users/mattf/OneDrive/ece315/ece315-mtb-mfrisch3-submit-app/build/CY8CKIT-145-40XX/Debug/ext/mtb_shared/mtb-hal-cat2/release-v2.0.0/COMPONENT_CAT2/source/cyhal_tdm.o
LOAD C:/Users/mattf/OneDrive/ece315/ece315-mtb-mfrisch3-submit-app/build/CY8CKIT-145-40XX/Debug/ext/mtb_shared/mtb-hal-cat2/release-v2.0.0/COMPONENT_CAT2/source/cyhal_timer.o
LOAD C:/Users/mattf/OneDrive/ece315/ece315-mtb-mfrisch3-submit-app/build/CY8CKIT-145-40XX/Debug/ext/mtb_shared/mtb-hal-cat2/release-v2.0.0/COMPONENT_CAT2/source/cyhal_trng.o
LOAD C:/Users/mattf/OneDrive/ece315/ece315-mtb-mfrisch3-submit-app/build/CY8CKIT-145-40XX/Debug/ext/mtb_shared/mtb-hal-cat2/release-v2.0.0/COMPONENT_CAT2/source/cyhal_uart.o
LOAD C:/Users/mattf/OneDrive/ece315/ece315-mtb-mfrisch3-submit-app/build/CY8CKIT-145-40XX/Debug/ext/mtb_shared/mtb-hal-cat2/release-v2.0.0/COMPONENT_CAT2/source/cyhal_utils.o
LOAD C:/Users/mattf/OneDrive/ece315/ece315-mtb-mfrisch3-submit-app/build/CY8CKIT-145-40XX/Debug/ext/mtb_shared/mtb-hal-cat2/release-v2.0.0/COMPONENT_CAT2/source/cyhal_utils_psoc.o
LOAD C:/Users/mattf/OneDrive/ece315/ece315-mtb-mfrisch3-submit-app/build/CY8CKIT-145-40XX/Debug/ext/mtb_shared/mtb-hal-cat2/release-v2.0.0/COMPONENT_CAT2/source/cyhal_wdt.o
LOAD C:/Users/mattf/OneDrive/ece315/ece315-mtb-mfrisch3-submit-app/build/CY8CKIT-145-40XX/Debug/ext/mtb_shared/mtb-hal-cat2/release-v2.0.0/COMPONENT_CAT2/source/pin_packages/cyhal_ccg7d_68_qfn.o
LOAD C:/Users/mattf/OneDrive/ece315/ece315-mtb-mfrisch3-submit-app/build/CY8CKIT-145-40XX/Debug/ext/mtb_shared/mtb-hal-cat2/release-v2.0.0/COMPONENT_CAT2/source/pin_packages/cyhal_ccg7s_40_qfn.o
LOAD C:/Users/mattf/OneDrive/ece315/ece315-mtb-mfrisch3-submit-app/build/CY8CKIT-145-40XX/Debug/ext/mtb_shared/mtb-hal-cat2/release-v2.0.0/COMPONENT_CAT2/source/pin_packages/cyhal_pmg1s0_24_qfn_pmg1_s0.o
LOAD C:/Users/mattf/OneDrive/ece315/ece315-mtb-mfrisch3-submit-app/build/CY8CKIT-145-40XX/Debug/ext/mtb_shared/mtb-hal-cat2/release-v2.0.0/COMPONENT_CAT2/source/pin_packages/cyhal_pmg1s1_40_qfn_pmg1_s1.o
LOAD C:/Users/mattf/OneDrive/ece315/ece315-mtb-mfrisch3-submit-app/build/CY8CKIT-145-40XX/Debug/ext/mtb_shared/mtb-hal-cat2/release-v2.0.0/COMPONENT_CAT2/source/pin_packages/cyhal_pmg1s2_40_qfn_pmg1_s2.o
LOAD C:/Users/mattf/OneDrive/ece315/ece315-mtb-mfrisch3-submit-app/build/CY8CKIT-145-40XX/Debug/ext/mtb_shared/mtb-hal-cat2/release-v2.0.0/COMPONENT_CAT2/source/pin_packages/cyhal_pmg1s2_42_csp_pmg1_s2.o
LOAD C:/Users/mattf/OneDrive/ece315/ece315-mtb-mfrisch3-submit-app/build/CY8CKIT-145-40XX/Debug/ext/mtb_shared/mtb-hal-cat2/release-v2.0.0/COMPONENT_CAT2/source/pin_packages/cyhal_pmg1s3_48_qfn_cypm1311.o
LOAD C:/Users/mattf/OneDrive/ece315/ece315-mtb-mfrisch3-submit-app/build/CY8CKIT-145-40XX/Debug/ext/mtb_shared/mtb-hal-cat2/release-v2.0.0/COMPONENT_CAT2/source/pin_packages/cyhal_pmg1s3_97_bga_cypd8225.o
LOAD C:/Users/mattf/OneDrive/ece315/ece315-mtb-mfrisch3-submit-app/build/CY8CKIT-145-40XX/Debug/ext/mtb_shared/mtb-hal-cat2/release-v2.0.0/COMPONENT_CAT2/source/pin_packages/cyhal_pmg1s3_97_bga_cypm1322.o
LOAD C:/Users/mattf/OneDrive/ece315/ece315-mtb-mfrisch3-submit-app/build/CY8CKIT-145-40XX/Debug/ext/mtb_shared/mtb-hal-cat2/release-v2.0.0/COMPONENT_CAT2/source/pin_packages/cyhal_psoc4000s_20_ssop.o
LOAD C:/Users/mattf/OneDrive/ece315/ece315-mtb-mfrisch3-submit-app/build/CY8CKIT-145-40XX/Debug/ext/mtb_shared/mtb-hal-cat2/release-v2.0.0/COMPONENT_CAT2/source/pin_packages/cyhal_psoc4000s_24_qfn.o
LOAD C:/Users/mattf/OneDrive/ece315/ece315-mtb-mfrisch3-submit-app/build/CY8CKIT-145-40XX/Debug/ext/mtb_shared/mtb-hal-cat2/release-v2.0.0/COMPONENT_CAT2/source/pin_packages/cyhal_psoc4000s_25_wlcsp.o
LOAD C:/Users/mattf/OneDrive/ece315/ece315-mtb-mfrisch3-submit-app/build/CY8CKIT-145-40XX/Debug/ext/mtb_shared/mtb-hal-cat2/release-v2.0.0/COMPONENT_CAT2/source/pin_packages/cyhal_psoc4000s_28_ssop_auto.o
LOAD C:/Users/mattf/OneDrive/ece315/ece315-mtb-mfrisch3-submit-app/build/CY8CKIT-145-40XX/Debug/ext/mtb_shared/mtb-hal-cat2/release-v2.0.0/COMPONENT_CAT2/source/pin_packages/cyhal_psoc4000s_32_qfn.o
LOAD C:/Users/mattf/OneDrive/ece315/ece315-mtb-mfrisch3-submit-app/build/CY8CKIT-145-40XX/Debug/ext/mtb_shared/mtb-hal-cat2/release-v2.0.0/COMPONENT_CAT2/source/pin_packages/cyhal_psoc4000s_32_tqfp.o
LOAD C:/Users/mattf/OneDrive/ece315/ece315-mtb-mfrisch3-submit-app/build/CY8CKIT-145-40XX/Debug/ext/mtb_shared/mtb-hal-cat2/release-v2.0.0/COMPONENT_CAT2/source/pin_packages/cyhal_psoc4000s_40_qfn.o
LOAD C:/Users/mattf/OneDrive/ece315/ece315-mtb-mfrisch3-submit-app/build/CY8CKIT-145-40XX/Debug/ext/mtb_shared/mtb-hal-cat2/release-v2.0.0/COMPONENT_CAT2/source/pin_packages/cyhal_psoc4000s_48_tqfp.o
LOAD C:/Users/mattf/OneDrive/ece315/ece315-mtb-mfrisch3-submit-app/build/CY8CKIT-145-40XX/Debug/ext/mtb_shared/mtb-hal-cat2/release-v2.0.0/COMPONENT_CAT2/source/pin_packages/cyhal_psoc4100s_28_ssop_auto.o
LOAD C:/Users/mattf/OneDrive/ece315/ece315-mtb-mfrisch3-submit-app/build/CY8CKIT-145-40XX/Debug/ext/mtb_shared/mtb-hal-cat2/release-v2.0.0/COMPONENT_CAT2/source/pin_packages/cyhal_psoc4100s_32_qfn.o
LOAD C:/Users/mattf/OneDrive/ece315/ece315-mtb-mfrisch3-submit-app/build/CY8CKIT-145-40XX/Debug/ext/mtb_shared/mtb-hal-cat2/release-v2.0.0/COMPONENT_CAT2/source/pin_packages/cyhal_psoc4100s_35_wlcsp.o
LOAD C:/Users/mattf/OneDrive/ece315/ece315-mtb-mfrisch3-submit-app/build/CY8CKIT-145-40XX/Debug/ext/mtb_shared/mtb-hal-cat2/release-v2.0.0/COMPONENT_CAT2/source/pin_packages/cyhal_psoc4100s_35_wlcsp_2.o
LOAD C:/Users/mattf/OneDrive/ece315/ece315-mtb-mfrisch3-submit-app/build/CY8CKIT-145-40XX/Debug/ext/mtb_shared/mtb-hal-cat2/release-v2.0.0/COMPONENT_CAT2/source/pin_packages/cyhal_psoc4100s_40_qfn.o
LOAD C:/Users/mattf/OneDrive/ece315/ece315-mtb-mfrisch3-submit-app/build/CY8CKIT-145-40XX/Debug/ext/mtb_shared/mtb-hal-cat2/release-v2.0.0/COMPONENT_CAT2/source/pin_packages/cyhal_psoc4100s_40_qfn_auto.o
LOAD C:/Users/mattf/OneDrive/ece315/ece315-mtb-mfrisch3-submit-app/build/CY8CKIT-145-40XX/Debug/ext/mtb_shared/mtb-hal-cat2/release-v2.0.0/COMPONENT_CAT2/source/pin_packages/cyhal_psoc4100s_44_tqfp.o
LOAD C:/Users/mattf/OneDrive/ece315/ece315-mtb-mfrisch3-submit-app/build/CY8CKIT-145-40XX/Debug/ext/mtb_shared/mtb-hal-cat2/release-v2.0.0/COMPONENT_CAT2/source/pin_packages/cyhal_psoc4100s_48_tqfp.o
LOAD C:/Users/mattf/OneDrive/ece315/ece315-mtb-mfrisch3-submit-app/build/CY8CKIT-145-40XX/Debug/ext/mtb_shared/mtb-hal-cat2/release-v2.0.0/COMPONENT_CAT2/source/pin_packages/cyhal_psoc4100smax_100_tqfp.o
LOAD C:/Users/mattf/OneDrive/ece315/ece315-mtb-mfrisch3-submit-app/build/CY8CKIT-145-40XX/Debug/ext/mtb_shared/mtb-hal-cat2/release-v2.0.0/COMPONENT_CAT2/source/pin_packages/cyhal_psoc4100smax_48_tqfp.o
LOAD C:/Users/mattf/OneDrive/ece315/ece315-mtb-mfrisch3-submit-app/build/CY8CKIT-145-40XX/Debug/ext/mtb_shared/mtb-hal-cat2/release-v2.0.0/COMPONENT_CAT2/source/pin_packages/cyhal_psoc4100smax_64_tqfp.o
LOAD C:/Users/mattf/OneDrive/ece315/ece315-mtb-mfrisch3-submit-app/build/CY8CKIT-145-40XX/Debug/ext/mtb_shared/mtb-hal-cat2/release-v2.0.0/COMPONENT_CAT2/source/pin_packages/cyhal_psoc4100sp256kb_48_tqfp.o
LOAD C:/Users/mattf/OneDrive/ece315/ece315-mtb-mfrisch3-submit-app/build/CY8CKIT-145-40XX/Debug/ext/mtb_shared/mtb-hal-cat2/release-v2.0.0/COMPONENT_CAT2/source/pin_packages/cyhal_psoc4100sp256kb_48_tqfp_mc.o
LOAD C:/Users/mattf/OneDrive/ece315/ece315-mtb-mfrisch3-submit-app/build/CY8CKIT-145-40XX/Debug/ext/mtb_shared/mtb-hal-cat2/release-v2.0.0/COMPONENT_CAT2/source/pin_packages/cyhal_psoc4100sp256kb_64_tqfp.o
LOAD C:/Users/mattf/OneDrive/ece315/ece315-mtb-mfrisch3-submit-app/build/CY8CKIT-145-40XX/Debug/ext/mtb_shared/mtb-hal-cat2/release-v2.0.0/COMPONENT_CAT2/source/pin_packages/cyhal_psoc4100sp256kb_64_tqfp_mc.o
LOAD C:/Users/mattf/OneDrive/ece315/ece315-mtb-mfrisch3-submit-app/build/CY8CKIT-145-40XX/Debug/ext/mtb_shared/mtb-hal-cat2/release-v2.0.0/COMPONENT_CAT2/source/pin_packages/cyhal_psoc4100sp_40_qfn_2.o
LOAD C:/Users/mattf/OneDrive/ece315/ece315-mtb-mfrisch3-submit-app/build/CY8CKIT-145-40XX/Debug/ext/mtb_shared/mtb-hal-cat2/release-v2.0.0/COMPONENT_CAT2/source/pin_packages/cyhal_psoc4100sp_44_tqfp.o
LOAD C:/Users/mattf/OneDrive/ece315/ece315-mtb-mfrisch3-submit-app/build/CY8CKIT-145-40XX/Debug/ext/mtb_shared/mtb-hal-cat2/release-v2.0.0/COMPONENT_CAT2/source/pin_packages/cyhal_psoc4100sp_48_tqfp.o
LOAD C:/Users/mattf/OneDrive/ece315/ece315-mtb-mfrisch3-submit-app/build/CY8CKIT-145-40XX/Debug/ext/mtb_shared/mtb-hal-cat2/release-v2.0.0/COMPONENT_CAT2/source/pin_packages/cyhal_psoc4100sp_64_qfn.o
LOAD C:/Users/mattf/OneDrive/ece315/ece315-mtb-mfrisch3-submit-app/build/CY8CKIT-145-40XX/Debug/ext/mtb_shared/mtb-hal-cat2/release-v2.0.0/COMPONENT_CAT2/source/pin_packages/cyhal_psoc4100sp_64_tqfp.o
LOAD C:/Users/mattf/OneDrive/ece315/ece315-mtb-mfrisch3-submit-app/build/CY8CKIT-145-40XX/Debug/ext/mtb_shared/mtb-hal-cat2/release-v2.0.0/COMPONENT_CAT2/source/triggers/cyhal_triggers_ccg7s.o
LOAD C:/Users/mattf/OneDrive/ece315/ece315-mtb-mfrisch3-submit-app/build/CY8CKIT-145-40XX/Debug/ext/mtb_shared/mtb-hal-cat2/release-v2.0.0/COMPONENT_CAT2/source/triggers/cyhal_triggers_pmg1s3.o
LOAD C:/Users/mattf/OneDrive/ece315/ece315-mtb-mfrisch3-submit-app/build/CY8CKIT-145-40XX/Debug/ext/mtb_shared/mtb-hal-cat2/release-v2.0.0/COMPONENT_CAT2/source/triggers/cyhal_triggers_psoc4000s.o
LOAD C:/Users/mattf/OneDrive/ece315/ece315-mtb-mfrisch3-submit-app/build/CY8CKIT-145-40XX/Debug/ext/mtb_shared/mtb-hal-cat2/release-v2.0.0/COMPONENT_CAT2/source/triggers/cyhal_triggers_psoc4100s.o
LOAD C:/Users/mattf/OneDrive/ece315/ece315-mtb-mfrisch3-submit-app/build/CY8CKIT-145-40XX/Debug/ext/mtb_shared/mtb-hal-cat2/release-v2.0.0/COMPONENT_CAT2/source/triggers/cyhal_triggers_psoc4100smax.o
LOAD C:/Users/mattf/OneDrive/ece315/ece315-mtb-mfrisch3-submit-app/build/CY8CKIT-145-40XX/Debug/ext/mtb_shared/mtb-hal-cat2/release-v2.0.0/COMPONENT_CAT2/source/triggers/cyhal_triggers_psoc4100sp.o
LOAD C:/Users/mattf/OneDrive/ece315/ece315-mtb-mfrisch3-submit-app/build/CY8CKIT-145-40XX/Debug/ext/mtb_shared/mtb-hal-cat2/release-v2.0.0/COMPONENT_CAT2/source/triggers/cyhal_triggers_psoc4100sp256kb.o
LOAD C:/Users/mattf/OneDrive/ece315/ece315-mtb-mfrisch3-submit-app/build/CY8CKIT-145-40XX/Debug/ext/mtb_shared/mtb-pdl-cat2/release-v1.6.1/drivers/source/cy_canfd.o
LOAD C:/Users/mattf/OneDrive/ece315/ece315-mtb-mfrisch3-submit-app/build/CY8CKIT-145-40XX/Debug/ext/mtb_shared/mtb-pdl-cat2/release-v1.6.1/drivers/source/cy_crypto_aes.o
LOAD C:/Users/mattf/OneDrive/ece315/ece315-mtb-mfrisch3-submit-app/build/CY8CKIT-145-40XX/Debug/ext/mtb_shared/mtb-pdl-cat2/release-v1.6.1/drivers/source/cy_crypto_crc.o
LOAD C:/Users/mattf/OneDrive/ece315/ece315-mtb-mfrisch3-submit-app/build/CY8CKIT-145-40XX/Debug/ext/mtb_shared/mtb-pdl-cat2/release-v1.6.1/drivers/source/cy_crypto_hw.o
LOAD C:/Users/mattf/OneDrive/ece315/ece315-mtb-mfrisch3-submit-app/build/CY8CKIT-145-40XX/Debug/ext/mtb_shared/mtb-pdl-cat2/release-v1.6.1/drivers/source/cy_crypto_sha.o
LOAD C:/Users/mattf/OneDrive/ece315/ece315-mtb-mfrisch3-submit-app/build/CY8CKIT-145-40XX/Debug/ext/mtb_shared/mtb-pdl-cat2/release-v1.6.1/drivers/source/cy_crypto_trng.o
LOAD C:/Users/mattf/OneDrive/ece315/ece315-mtb-mfrisch3-submit-app/build/CY8CKIT-145-40XX/Debug/ext/mtb_shared/mtb-pdl-cat2/release-v1.6.1/drivers/source/cy_cryptolite_aes.o
LOAD C:/Users/mattf/OneDrive/ece315/ece315-mtb-mfrisch3-submit-app/build/CY8CKIT-145-40XX/Debug/ext/mtb_shared/mtb-pdl-cat2/release-v1.6.1/drivers/source/cy_cryptolite_sha.o
LOAD C:/Users/mattf/OneDrive/ece315/ece315-mtb-mfrisch3-submit-app/build/CY8CKIT-145-40XX/Debug/ext/mtb_shared/mtb-pdl-cat2/release-v1.6.1/drivers/source/cy_cryptolite_trng.o
LOAD C:/Users/mattf/OneDrive/ece315/ece315-mtb-mfrisch3-submit-app/build/CY8CKIT-145-40XX/Debug/ext/mtb_shared/mtb-pdl-cat2/release-v1.6.1/drivers/source/cy_csd.o
LOAD C:/Users/mattf/OneDrive/ece315/ece315-mtb-mfrisch3-submit-app/build/CY8CKIT-145-40XX/Debug/ext/mtb_shared/mtb-pdl-cat2/release-v1.6.1/drivers/source/cy_ctb.o
LOAD C:/Users/mattf/OneDrive/ece315/ece315-mtb-mfrisch3-submit-app/build/CY8CKIT-145-40XX/Debug/ext/mtb_shared/mtb-pdl-cat2/release-v1.6.1/drivers/source/cy_dmac.o
LOAD C:/Users/mattf/OneDrive/ece315/ece315-mtb-mfrisch3-submit-app/build/CY8CKIT-145-40XX/Debug/ext/mtb_shared/mtb-pdl-cat2/release-v1.6.1/drivers/source/cy_flash.o
LOAD C:/Users/mattf/OneDrive/ece315/ece315-mtb-mfrisch3-submit-app/build/CY8CKIT-145-40XX/Debug/ext/mtb_shared/mtb-pdl-cat2/release-v1.6.1/drivers/source/cy_gpio.o
LOAD C:/Users/mattf/OneDrive/ece315/ece315-mtb-mfrisch3-submit-app/build/CY8CKIT-145-40XX/Debug/ext/mtb_shared/mtb-pdl-cat2/release-v1.6.1/drivers/source/cy_i2s.o
LOAD C:/Users/mattf/OneDrive/ece315/ece315-mtb-mfrisch3-submit-app/build/CY8CKIT-145-40XX/Debug/ext/mtb_shared/mtb-pdl-cat2/release-v1.6.1/drivers/source/cy_lpcomp.o
LOAD C:/Users/mattf/OneDrive/ece315/ece315-mtb-mfrisch3-submit-app/build/CY8CKIT-145-40XX/Debug/ext/mtb_shared/mtb-pdl-cat2/release-v1.6.1/drivers/source/cy_msc.o
LOAD C:/Users/mattf/OneDrive/ece315/ece315-mtb-mfrisch3-submit-app/build/CY8CKIT-145-40XX/Debug/ext/mtb_shared/mtb-pdl-cat2/release-v1.6.1/drivers/source/cy_sar.o
LOAD C:/Users/mattf/OneDrive/ece315/ece315-mtb-mfrisch3-submit-app/build/CY8CKIT-145-40XX/Debug/ext/mtb_shared/mtb-pdl-cat2/release-v1.6.1/drivers/source/cy_scb_common.o
LOAD C:/Users/mattf/OneDrive/ece315/ece315-mtb-mfrisch3-submit-app/build/CY8CKIT-145-40XX/Debug/ext/mtb_shared/mtb-pdl-cat2/release-v1.6.1/drivers/source/cy_scb_ezi2c.o
LOAD C:/Users/mattf/OneDrive/ece315/ece315-mtb-mfrisch3-submit-app/build/CY8CKIT-145-40XX/Debug/ext/mtb_shared/mtb-pdl-cat2/release-v1.6.1/drivers/source/cy_scb_i2c.o
LOAD C:/Users/mattf/OneDrive/ece315/ece315-mtb-mfrisch3-submit-app/build/CY8CKIT-145-40XX/Debug/ext/mtb_shared/mtb-pdl-cat2/release-v1.6.1/drivers/source/cy_scb_spi.o
LOAD C:/Users/mattf/OneDrive/ece315/ece315-mtb-mfrisch3-submit-app/build/CY8CKIT-145-40XX/Debug/ext/mtb_shared/mtb-pdl-cat2/release-v1.6.1/drivers/source/cy_scb_uart.o
LOAD C:/Users/mattf/OneDrive/ece315/ece315-mtb-mfrisch3-submit-app/build/CY8CKIT-145-40XX/Debug/ext/mtb_shared/mtb-pdl-cat2/release-v1.6.1/drivers/source/cy_seglcd.o
LOAD C:/Users/mattf/OneDrive/ece315/ece315-mtb-mfrisch3-submit-app/build/CY8CKIT-145-40XX/Debug/ext/mtb_shared/mtb-pdl-cat2/release-v1.6.1/drivers/source/cy_smartio.o
LOAD C:/Users/mattf/OneDrive/ece315/ece315-mtb-mfrisch3-submit-app/build/CY8CKIT-145-40XX/Debug/ext/mtb_shared/mtb-pdl-cat2/release-v1.6.1/drivers/source/cy_sysclk.o
LOAD C:/Users/mattf/OneDrive/ece315/ece315-mtb-mfrisch3-submit-app/build/CY8CKIT-145-40XX/Debug/ext/mtb_shared/mtb-pdl-cat2/release-v1.6.1/drivers/source/cy_sysint.o
LOAD C:/Users/mattf/OneDrive/ece315/ece315-mtb-mfrisch3-submit-app/build/CY8CKIT-145-40XX/Debug/ext/mtb_shared/mtb-pdl-cat2/release-v1.6.1/drivers/source/cy_syslib.o
LOAD C:/Users/mattf/OneDrive/ece315/ece315-mtb-mfrisch3-submit-app/build/CY8CKIT-145-40XX/Debug/ext/mtb_shared/mtb-pdl-cat2/release-v1.6.1/drivers/source/cy_syspm.o
LOAD C:/Users/mattf/OneDrive/ece315/ece315-mtb-mfrisch3-submit-app/build/CY8CKIT-145-40XX/Debug/ext/mtb_shared/mtb-pdl-cat2/release-v1.6.1/drivers/source/cy_systick.o
LOAD C:/Users/mattf/OneDrive/ece315/ece315-mtb-mfrisch3-submit-app/build/CY8CKIT-145-40XX/Debug/ext/mtb_shared/mtb-pdl-cat2/release-v1.6.1/drivers/source/cy_tcpwm_counter.o
LOAD C:/Users/mattf/OneDrive/ece315/ece315-mtb-mfrisch3-submit-app/build/CY8CKIT-145-40XX/Debug/ext/mtb_shared/mtb-pdl-cat2/release-v1.6.1/drivers/source/cy_tcpwm_pwm.o
LOAD C:/Users/mattf/OneDrive/ece315/ece315-mtb-mfrisch3-submit-app/build/CY8CKIT-145-40XX/Debug/ext/mtb_shared/mtb-pdl-cat2/release-v1.6.1/drivers/source/cy_tcpwm_quaddec.o
LOAD C:/Users/mattf/OneDrive/ece315/ece315-mtb-mfrisch3-submit-app/build/CY8CKIT-145-40XX/Debug/ext/mtb_shared/mtb-pdl-cat2/release-v1.6.1/drivers/source/cy_trigmux.o
LOAD C:/Users/mattf/OneDrive/ece315/ece315-mtb-mfrisch3-submit-app/build/CY8CKIT-145-40XX/Debug/ext/mtb_shared/mtb-pdl-cat2/release-v1.6.1/drivers/source/cy_usbfs_dev_drv.o
LOAD C:/Users/mattf/OneDrive/ece315/ece315-mtb-mfrisch3-submit-app/build/CY8CKIT-145-40XX/Debug/ext/mtb_shared/mtb-pdl-cat2/release-v1.6.1/drivers/source/cy_usbfs_dev_drv_io.o
LOAD C:/Users/mattf/OneDrive/ece315/ece315-mtb-mfrisch3-submit-app/build/CY8CKIT-145-40XX/Debug/ext/mtb_shared/mtb-pdl-cat2/release-v1.6.1/drivers/source/cy_usbfs_dev_drv_io_dma.o
LOAD C:/Users/mattf/OneDrive/ece315/ece315-mtb-mfrisch3-submit-app/build/CY8CKIT-145-40XX/Debug/ext/mtb_shared/mtb-pdl-cat2/release-v1.6.1/drivers/source/cy_usbpd_bch.o
LOAD C:/Users/mattf/OneDrive/ece315/ece315-mtb-mfrisch3-submit-app/build/CY8CKIT-145-40XX/Debug/ext/mtb_shared/mtb-pdl-cat2/release-v1.6.1/drivers/source/cy_usbpd_buck_boost.o
LOAD C:/Users/mattf/OneDrive/ece315/ece315-mtb-mfrisch3-submit-app/build/CY8CKIT-145-40XX/Debug/ext/mtb_shared/mtb-pdl-cat2/release-v1.6.1/drivers/source/cy_usbpd_config_table.o
LOAD C:/Users/mattf/OneDrive/ece315/ece315-mtb-mfrisch3-submit-app/build/CY8CKIT-145-40XX/Debug/ext/mtb_shared/mtb-pdl-cat2/release-v1.6.1/drivers/source/cy_usbpd_hpd.o
LOAD C:/Users/mattf/OneDrive/ece315/ece315-mtb-mfrisch3-submit-app/build/CY8CKIT-145-40XX/Debug/ext/mtb_shared/mtb-pdl-cat2/release-v1.6.1/drivers/source/cy_usbpd_idac_ctrl.o
LOAD C:/Users/mattf/OneDrive/ece315/ece315-mtb-mfrisch3-submit-app/build/CY8CKIT-145-40XX/Debug/ext/mtb_shared/mtb-pdl-cat2/release-v1.6.1/drivers/source/cy_usbpd_mux.o
LOAD C:/Users/mattf/OneDrive/ece315/ece315-mtb-mfrisch3-submit-app/build/CY8CKIT-145-40XX/Debug/ext/mtb_shared/mtb-pdl-cat2/release-v1.6.1/drivers/source/cy_usbpd_phy.o
LOAD C:/Users/mattf/OneDrive/ece315/ece315-mtb-mfrisch3-submit-app/build/CY8CKIT-145-40XX/Debug/ext/mtb_shared/mtb-pdl-cat2/release-v1.6.1/drivers/source/cy_usbpd_typec.o
LOAD C:/Users/mattf/OneDrive/ece315/ece315-mtb-mfrisch3-submit-app/build/CY8CKIT-145-40XX/Debug/ext/mtb_shared/mtb-pdl-cat2/release-v1.6.1/drivers/source/cy_usbpd_vbus_ctrl.o
LOAD C:/Users/mattf/OneDrive/ece315/ece315-mtb-mfrisch3-submit-app/build/CY8CKIT-145-40XX/Debug/ext/mtb_shared/mtb-pdl-cat2/release-v1.6.1/drivers/source/cy_wdc.o
LOAD C:/Users/mattf/OneDrive/ece315/ece315-mtb-mfrisch3-submit-app/build/CY8CKIT-145-40XX/Debug/ext/mtb_shared/mtb-pdl-cat2/release-v1.6.1/drivers/source/cy_wdt.o
START GROUP
LOAD ../mtb_shared/capsense/release-v3.0.1/COMPONENT_SOFTFP/TOOLCHAIN_GCC_ARM/libcy_capsense.a
END GROUP
LOAD c:/users/mattf/modustoolbox/tools_2.4/gcc/bin/../lib/gcc/arm-none-eabi/10.3.1/../../../../arm-none-eabi/lib/thumb/v6-m/nofp\libstdc++_nano.a
LOAD c:/users/mattf/modustoolbox/tools_2.4/gcc/bin/../lib/gcc/arm-none-eabi/10.3.1/../../../../arm-none-eabi/lib/thumb/v6-m/nofp\libm.a
START GROUP
LOAD c:/users/mattf/modustoolbox/tools_2.4/gcc/bin/../lib/gcc/arm-none-eabi/10.3.1/thumb/v6-m/nofp\libgcc.a
LOAD c:/users/mattf/modustoolbox/tools_2.4/gcc/bin/../lib/gcc/arm-none-eabi/10.3.1/../../../../arm-none-eabi/lib/thumb/v6-m/nofp\libg_nano.a
LOAD c:/users/mattf/modustoolbox/tools_2.4/gcc/bin/../lib/gcc/arm-none-eabi/10.3.1/../../../../arm-none-eabi/lib/thumb/v6-m/nofp\libc_nano.a
END GROUP
START GROUP
LOAD c:/users/mattf/modustoolbox/tools_2.4/gcc/bin/../lib/gcc/arm-none-eabi/10.3.1/thumb/v6-m/nofp\libgcc.a
LOAD c:/users/mattf/modustoolbox/tools_2.4/gcc/bin/../lib/gcc/arm-none-eabi/10.3.1/../../../../arm-none-eabi/lib/thumb/v6-m/nofp\libc_nano.a
END GROUP
LOAD c:/users/mattf/modustoolbox/tools_2.4/gcc/bin/../lib/gcc/arm-none-eabi/10.3.1/thumb/v6-m/nofp/crtend.o
LOAD c:/users/mattf/modustoolbox/tools_2.4/gcc/bin/../lib/gcc/arm-none-eabi/10.3.1/thumb/v6-m/nofp/crtn.o
START GROUP
LOAD c:/users/mattf/modustoolbox/tools_2.4/gcc/bin/../lib/gcc/arm-none-eabi/10.3.1/thumb/v6-m/nofp\libgcc.a
LOAD c:/users/mattf/modustoolbox/tools_2.4/gcc/bin/../lib/gcc/arm-none-eabi/10.3.1/../../../../arm-none-eabi/lib/thumb/v6-m/nofp\libc.a
LOAD c:/users/mattf/modustoolbox/tools_2.4/gcc/bin/../lib/gcc/arm-none-eabi/10.3.1/../../../../arm-none-eabi/lib/thumb/v6-m/nofp\libnosys.a
END GROUP
                0x00000000                __FLASH_START = 0x0
                0x00008000                __FLASH_SIZE = 0x8000
                0x20000000                __RAM_START = 0x20000000
                0x00001000                __RAM_SIZE = 0x1000
                0x00000400                __STACK_SIZE = 0x400

.cy_app_header
 *(.cy_app_header)

.text           0x00000000     0x3c60
                0x00000000                . = ALIGN (0x4)
 *(.vectors)
 .vectors       0x00000000       0xc0 C:/Users/mattf/OneDrive/ece315/ece315-mtb-mfrisch3-submit-app/build/CY8CKIT-145-40XX/Debug/libs/TARGET_CY8CKIT-145-40XX/startup_psoc4000s.o
                0x00000000                __Vectors
                0x000000c0                . = ALIGN (0x4)
                0x2000026c                __end__ = .
                0x000000c0                . = ALIGN (0x4)
 *(.text*)
 .text          0x000000c0       0x48 c:/users/mattf/modustoolbox/tools_2.4/gcc/bin/../lib/gcc/arm-none-eabi/10.3.1/thumb/v6-m/nofp/crtbegin.o
 .text          0x00000108       0x80 c:/users/mattf/modustoolbox/tools_2.4/gcc/bin/../lib/gcc/arm-none-eabi/10.3.1/../../../../arm-none-eabi/lib/thumb/v6-m/nofp/crt0.o
                0x00000108                _stack_init
                0x00000114                _start
                0x00000114                _mainCRTStartup
 .text.Handler_Timer_Button
                0x00000188       0x34 C:/Users/mattf/OneDrive/ece315/ece315-mtb-mfrisch3-submit-app/build/CY8CKIT-145-40XX/Debug/drivers/ece315_buttons.o
                0x00000188                Handler_Timer_Button
 .text.ece315_button_init
                0x000001bc       0x30 C:/Users/mattf/OneDrive/ece315/ece315-mtb-mfrisch3-submit-app/build/CY8CKIT-145-40XX/Debug/drivers/ece315_buttons.o
                0x000001bc                ece315_button_init
 .text.ece315_buzzer_init
                0x000001ec       0x40 C:/Users/mattf/OneDrive/ece315/ece315-mtb-mfrisch3-submit-app/build/CY8CKIT-145-40XX/Debug/drivers/ece315_buzzer.o
                0x000001ec                ece315_buzzer_init
 .text.ece315_buzzer_start
                0x0000022c       0x14 C:/Users/mattf/OneDrive/ece315/ece315-mtb-mfrisch3-submit-app/build/CY8CKIT-145-40XX/Debug/drivers/ece315_buzzer.o
                0x0000022c                ece315_buzzer_start
 .text.ece315_buzzer_stop
                0x00000240       0x14 C:/Users/mattf/OneDrive/ece315/ece315-mtb-mfrisch3-submit-app/build/CY8CKIT-145-40XX/Debug/drivers/ece315_buzzer.o
                0x00000240                ece315_buzzer_stop
 .text.Handler_Timer_Led
                0x00000254       0x30 C:/Users/mattf/OneDrive/ece315/ece315-mtb-mfrisch3-submit-app/build/CY8CKIT-145-40XX/Debug/drivers/ece315_leds.o
                0x00000254                Handler_Timer_Led
 .text.ece315_leds_init
                0x00000284       0xf8 C:/Users/mattf/OneDrive/ece315/ece315-mtb-mfrisch3-submit-app/build/CY8CKIT-145-40XX/Debug/drivers/ece315_leds.o
                0x00000284                ece315_leds_init
 .text.ece315_leds_all_on
                0x0000037c       0x44 C:/Users/mattf/OneDrive/ece315/ece315-mtb-mfrisch3-submit-app/build/CY8CKIT-145-40XX/Debug/drivers/ece315_leds.o
                0x0000037c                ece315_leds_all_on
 .text.ece315_leds_all_off
                0x000003c0       0x44 C:/Users/mattf/OneDrive/ece315/ece315-mtb-mfrisch3-submit-app/build/CY8CKIT-145-40XX/Debug/drivers/ece315_leds.o
                0x000003c0                ece315_leds_all_off
 .text.timer_init
                0x00000404       0x7c C:/Users/mattf/OneDrive/ece315/ece315-mtb-mfrisch3-submit-app/build/CY8CKIT-145-40XX/Debug/drivers/timer.o
                0x00000404                timer_init
 .text.Default_Handler
                0x00000480        0x2 C:/Users/mattf/OneDrive/ece315/ece315-mtb-mfrisch3-submit-app/build/CY8CKIT-145-40XX/Debug/libs/TARGET_CY8CKIT-145-40XX/startup_psoc4000s.o
                0x00000480                lpcomp_interrupt_IRQHandler
                0x00000480                SysTick_Handler
                0x00000480                PendSV_Handler
                0x00000480                NMI_Handler
                0x00000480                ioss_interrupts_gpio_1_IRQHandler
                0x00000480                ioss_interrupts_gpio_2_IRQHandler
                0x00000480                tcpwm_interrupts_4_IRQHandler
                0x00000480                cpuss_interrupt_spcif_IRQHandler
                0x00000480                scb_0_interrupt_IRQHandler
                0x00000480                tcpwm_interrupts_3_IRQHandler
                0x00000480                csd_interrupt_IRQHandler
                0x00000480                tcpwm_interrupts_1_IRQHandler
                0x00000480                ioss_interrupt_gpio_IRQHandler
                0x00000480                scb_1_interrupt_IRQHandler
                0x00000480                Default_Handler
                0x00000480                ioss_interrupts_gpio_3_IRQHandler
                0x00000480                ioss_interrupts_gpio_0_IRQHandler
                0x00000480                tcpwm_interrupts_0_IRQHandler
                0x00000480                SVC_Handler
                0x00000480                tcpwm_interrupts_2_IRQHandler
                0x00000480                srss_interrupt_wdt_IRQHandler
 .text.HardFault_Handler
                0x00000482        0x8 C:/Users/mattf/OneDrive/ece315/ece315-mtb-mfrisch3-submit-app/build/CY8CKIT-145-40XX/Debug/libs/TARGET_CY8CKIT-145-40XX/startup_psoc4000s.o
                0x00000482                HardFault_Handler
 .text.cy_toolchain_init
                0x0000048a        0x2 C:/Users/mattf/OneDrive/ece315/ece315-mtb-mfrisch3-submit-app/build/CY8CKIT-145-40XX/Debug/libs/TARGET_CY8CKIT-145-40XX/startup_psoc4000s.o
                0x0000048a                cy_toolchain_init
 .text.software_init_hook
                0x0000048c        0x8 C:/Users/mattf/OneDrive/ece315/ece315-mtb-mfrisch3-submit-app/build/CY8CKIT-145-40XX/Debug/libs/TARGET_CY8CKIT-145-40XX/startup_psoc4000s.o
                0x0000048c                software_init_hook
 .text.Cy_OnResetUser
                0x00000494        0x2 C:/Users/mattf/OneDrive/ece315/ece315-mtb-mfrisch3-submit-app/build/CY8CKIT-145-40XX/Debug/libs/TARGET_CY8CKIT-145-40XX/startup_psoc4000s.o
                0x00000494                Cy_OnResetUser
 *fill*         0x00000496        0x2 
 .text.Reset_Handler
                0x00000498       0x84 C:/Users/mattf/OneDrive/ece315/ece315-mtb-mfrisch3-submit-app/build/CY8CKIT-145-40XX/Debug/libs/TARGET_CY8CKIT-145-40XX/startup_psoc4000s.o
                0x00000498                Reset_Handler
 .text.Cy_SystemInit
                0x0000051c        0x2 C:/Users/mattf/OneDrive/ece315/ece315-mtb-mfrisch3-submit-app/build/CY8CKIT-145-40XX/Debug/libs/TARGET_CY8CKIT-145-40XX/system_cat2.o
                0x0000051c                Cy_SystemInit
 *fill*         0x0000051e        0x2 
 .text.SystemInit
                0x00000520       0x18 C:/Users/mattf/OneDrive/ece315/ece315-mtb-mfrisch3-submit-app/build/CY8CKIT-145-40XX/Debug/libs/TARGET_CY8CKIT-145-40XX/system_cat2.o
                0x00000520                SystemInit
 .text.turn_LED_on
                0x00000538       0xd8 C:/Users/mattf/OneDrive/ece315/ece315-mtb-mfrisch3-submit-app/build/CY8CKIT-145-40XX/Debug/main.o
                0x00000538                turn_LED_on
 .text.main     0x00000610       0xd0 C:/Users/mattf/OneDrive/ece315/ece315-mtb-mfrisch3-submit-app/build/CY8CKIT-145-40XX/Debug/main.o
                0x00000610                main
 .text          0x000006e0       0x20 C:/Users/mattf/OneDrive/ece315/ece315-mtb-mfrisch3-submit-app/build/CY8CKIT-145-40XX/Debug/ext/mtb_shared/mtb-pdl-cat2/release-v1.6.1/drivers/source/COMPONENT_CM0P/TOOLCHAIN_GCC_ARM/cy_syslib_gcc.o
                0x000006e0                Cy_SysLib_DelayCycles
                0x000006f2                Cy_SysLib_EnterCriticalSection
                0x000006fa                Cy_SysLib_ExitCriticalSection
 .text._cyhal_clock_set_source_unsupported
                0x00000700        0xc C:/Users/mattf/OneDrive/ece315/ece315-mtb-mfrisch3-submit-app/build/CY8CKIT-145-40XX/Debug/ext/mtb_shared/mtb-hal-cat2/release-v2.0.0/COMPONENT_CAT2/source/cyhal_clock.o
 .text._cyhal_clock_get_sources_peripheral
                0x0000070c       0x10 C:/Users/mattf/OneDrive/ece315/ece315-mtb-mfrisch3-submit-app/build/CY8CKIT-145-40XX/Debug/ext/mtb_shared/mtb-hal-cat2/release-v2.0.0/COMPONENT_CAT2/source/cyhal_clock.o
 .text._cyhal_clock_set_divider_peripheral
                0x0000071c       0x22 C:/Users/mattf/OneDrive/ece315/ece315-mtb-mfrisch3-submit-app/build/CY8CKIT-145-40XX/Debug/ext/mtb_shared/mtb-hal-cat2/release-v2.0.0/COMPONENT_CAT2/source/cyhal_clock.o
 *fill*         0x0000073e        0x2 
 .text._cyhal_clock_compute_div
                0x00000740       0x68 C:/Users/mattf/OneDrive/ece315/ece315-mtb-mfrisch3-submit-app/build/CY8CKIT-145-40XX/Debug/ext/mtb_shared/mtb-hal-cat2/release-v2.0.0/COMPONENT_CAT2/source/cyhal_clock.o
 .text._cyhal_clock_set_frequency_peripheral
                0x000007a8       0x90 C:/Users/mattf/OneDrive/ece315/ece315-mtb-mfrisch3-submit-app/build/CY8CKIT-145-40XX/Debug/ext/mtb_shared/mtb-hal-cat2/release-v2.0.0/COMPONENT_CAT2/source/cyhal_clock.o
 .text._cyhal_clock_get_frequency_peripheral
                0x00000838        0xe C:/Users/mattf/OneDrive/ece315/ece315-mtb-mfrisch3-submit-app/build/CY8CKIT-145-40XX/Debug/ext/mtb_shared/mtb-hal-cat2/release-v2.0.0/COMPONENT_CAT2/source/cyhal_clock.o
 .text._cyhal_clock_set_enabled_peripheral
                0x00000846       0x1c C:/Users/mattf/OneDrive/ece315/ece315-mtb-mfrisch3-submit-app/build/CY8CKIT-145-40XX/Debug/ext/mtb_shared/mtb-hal-cat2/release-v2.0.0/COMPONENT_CAT2/source/cyhal_clock.o
 .text._cyhal_clock_is_enabled_peripheral
                0x00000862        0xe C:/Users/mattf/OneDrive/ece315/ece315-mtb-mfrisch3-submit-app/build/CY8CKIT-145-40XX/Debug/ext/mtb_shared/mtb-hal-cat2/release-v2.0.0/COMPONENT_CAT2/source/cyhal_clock.o
 .text.cyhal_clock_allocate
                0x00000870       0x60 C:/Users/mattf/OneDrive/ece315/ece315-mtb-mfrisch3-submit-app/build/CY8CKIT-145-40XX/Debug/ext/mtb_shared/mtb-hal-cat2/release-v2.0.0/COMPONENT_CAT2/source/cyhal_clock.o
                0x00000870                cyhal_clock_allocate
 .text.cyhal_clock_is_enabled
                0x000008d0       0x1e C:/Users/mattf/OneDrive/ece315/ece315-mtb-mfrisch3-submit-app/build/CY8CKIT-145-40XX/Debug/ext/mtb_shared/mtb-hal-cat2/release-v2.0.0/COMPONENT_CAT2/source/cyhal_clock.o
                0x000008d0                cyhal_clock_is_enabled
 .text.cyhal_clock_set_enabled
                0x000008ee       0x1e C:/Users/mattf/OneDrive/ece315/ece315-mtb-mfrisch3-submit-app/build/CY8CKIT-145-40XX/Debug/ext/mtb_shared/mtb-hal-cat2/release-v2.0.0/COMPONENT_CAT2/source/cyhal_clock.o
                0x000008ee                cyhal_clock_set_enabled
 .text.cyhal_clock_get_frequency
                0x0000090c       0x30 C:/Users/mattf/OneDrive/ece315/ece315-mtb-mfrisch3-submit-app/build/CY8CKIT-145-40XX/Debug/ext/mtb_shared/mtb-hal-cat2/release-v2.0.0/COMPONENT_CAT2/source/cyhal_clock.o
                0x0000090c                cyhal_clock_get_frequency
 .text.cyhal_clock_set_frequency
                0x0000093c       0x1e C:/Users/mattf/OneDrive/ece315/ece315-mtb-mfrisch3-submit-app/build/CY8CKIT-145-40XX/Debug/ext/mtb_shared/mtb-hal-cat2/release-v2.0.0/COMPONENT_CAT2/source/cyhal_clock.o
                0x0000093c                cyhal_clock_set_frequency
 .text.cyhal_clock_free
                0x0000095a       0x2e C:/Users/mattf/OneDrive/ece315/ece315-mtb-mfrisch3-submit-app/build/CY8CKIT-145-40XX/Debug/ext/mtb_shared/mtb-hal-cat2/release-v2.0.0/COMPONENT_CAT2/source/cyhal_clock.o
                0x0000095a                cyhal_clock_free
 .text._cyhal_gpio_convert_drive_mode
                0x00000988       0x50 C:/Users/mattf/OneDrive/ece315/ece315-mtb-mfrisch3-submit-app/build/CY8CKIT-145-40XX/Debug/ext/mtb_shared/mtb-hal-cat2/release-v2.0.0/COMPONENT_CAT2/source/cyhal_gpio.o
 .text.cyhal_gpio_init
                0x000009d8      0x10c C:/Users/mattf/OneDrive/ece315/ece315-mtb-mfrisch3-submit-app/build/CY8CKIT-145-40XX/Debug/ext/mtb_shared/mtb-hal-cat2/release-v2.0.0/COMPONENT_CAT2/source/cyhal_gpio.o
                0x000009d8                cyhal_gpio_init
 .text._cyhal_get_bit_position
                0x00000ae4       0xd0 C:/Users/mattf/OneDrive/ece315/ece315-mtb-mfrisch3-submit-app/build/CY8CKIT-145-40XX/Debug/ext/mtb_shared/mtb-hal-cat2/release-v2.0.0/COMPONENT_CAT2/source/cyhal_hwmgr.o
 .text.cyhal_hwmgr_reserve
                0x00000bb4       0x90 C:/Users/mattf/OneDrive/ece315/ece315-mtb-mfrisch3-submit-app/build/CY8CKIT-145-40XX/Debug/ext/mtb_shared/mtb-hal-cat2/release-v2.0.0/COMPONENT_CAT2/source/cyhal_hwmgr.o
                0x00000bb4                cyhal_hwmgr_reserve
 .text.cyhal_hwmgr_free
                0x00000c44       0x4c C:/Users/mattf/OneDrive/ece315/ece315-mtb-mfrisch3-submit-app/build/CY8CKIT-145-40XX/Debug/ext/mtb_shared/mtb-hal-cat2/release-v2.0.0/COMPONENT_CAT2/source/cyhal_hwmgr.o
                0x00000c44                cyhal_hwmgr_free
 .text._cyhal_hwmgr_allocate_with_connection
                0x00000c90      0x168 C:/Users/mattf/OneDrive/ece315/ece315-mtb-mfrisch3-submit-app/build/CY8CKIT-145-40XX/Debug/ext/mtb_shared/mtb-hal-cat2/release-v2.0.0/COMPONENT_CAT2/source/cyhal_hwmgr.o
                0x00000c90                _cyhal_hwmgr_allocate_with_connection
 .text.cyhal_hwmgr_allocate
                0x00000df8       0x16 C:/Users/mattf/OneDrive/ece315/ece315-mtb-mfrisch3-submit-app/build/CY8CKIT-145-40XX/Debug/ext/mtb_shared/mtb-hal-cat2/release-v2.0.0/COMPONENT_CAT2/source/cyhal_hwmgr.o
                0x00000df8                cyhal_hwmgr_allocate
 *fill*         0x00000e0e        0x2 
 .text._cyhal_get_first_1to1_mux_idx
                0x00000e10       0x24 C:/Users/mattf/OneDrive/ece315/ece315-mtb-mfrisch3-submit-app/build/CY8CKIT-145-40XX/Debug/ext/mtb_shared/mtb-hal-cat2/release-v2.0.0/COMPONENT_CAT2/source/cyhal_interconnect.o
 .text._cyhal_read_mux_input_idx
                0x00000e34       0x4c C:/Users/mattf/OneDrive/ece315/ece315-mtb-mfrisch3-submit-app/build/CY8CKIT-145-40XX/Debug/ext/mtb_shared/mtb-hal-cat2/release-v2.0.0/COMPONENT_CAT2/source/cyhal_interconnect.o
 .text._cyhal_interconnect_change_connection_direct
                0x00000e80       0x5c C:/Users/mattf/OneDrive/ece315/ece315-mtb-mfrisch3-submit-app/build/CY8CKIT-145-40XX/Debug/ext/mtb_shared/mtb-hal-cat2/release-v2.0.0/COMPONENT_CAT2/source/cyhal_interconnect.o
 .text._cyhal_interconnect_check_connection
                0x00000edc       0xd0 C:/Users/mattf/OneDrive/ece315/ece315-mtb-mfrisch3-submit-app/build/CY8CKIT-145-40XX/Debug/ext/mtb_shared/mtb-hal-cat2/release-v2.0.0/COMPONENT_CAT2/source/cyhal_interconnect.o
 .text._cyhal_disconnect_signal
                0x00000fac        0xa C:/Users/mattf/OneDrive/ece315/ece315-mtb-mfrisch3-submit-app/build/CY8CKIT-145-40XX/Debug/ext/mtb_shared/mtb-hal-cat2/release-v2.0.0/COMPONENT_CAT2/source/cyhal_interconnect.o
                0x00000fac                _cyhal_disconnect_signal
 .text._cyhal_can_connect_signal
                0x00000fb6       0x10 C:/Users/mattf/OneDrive/ece315/ece315-mtb-mfrisch3-submit-app/build/CY8CKIT-145-40XX/Debug/ext/mtb_shared/mtb-hal-cat2/release-v2.0.0/COMPONENT_CAT2/source/cyhal_interconnect.o
                0x00000fb6                _cyhal_can_connect_signal
 *fill*         0x00000fc6        0x2 
 .text.cyhal_connect_pin
                0x00000fc8       0xdc C:/Users/mattf/OneDrive/ece315/ece315-mtb-mfrisch3-submit-app/build/CY8CKIT-145-40XX/Debug/ext/mtb_shared/mtb-hal-cat2/release-v2.0.0/COMPONENT_CAT2/source/cyhal_interconnect.o
                0x00000fc8                cyhal_connect_pin
 .text.cyhal_disconnect_pin
                0x000010a4       0x80 C:/Users/mattf/OneDrive/ece315/ece315-mtb-mfrisch3-submit-app/build/CY8CKIT-145-40XX/Debug/ext/mtb_shared/mtb-hal-cat2/release-v2.0.0/COMPONENT_CAT2/source/cyhal_interconnect.o
                0x000010a4                cyhal_disconnect_pin
 .text._cyhal_pwm_convert_alignment
                0x00001124       0x38 C:/Users/mattf/OneDrive/ece315/ece315-mtb-mfrisch3-submit-app/build/CY8CKIT-145-40XX/Debug/ext/mtb_shared/mtb-hal-cat2/release-v2.0.0/COMPONENT_CAT2/source/cyhal_pwm.o
 .text._cyhal_pwm_init_clock
                0x0000115c      0x104 C:/Users/mattf/OneDrive/ece315/ece315-mtb-mfrisch3-submit-app/build/CY8CKIT-145-40XX/Debug/ext/mtb_shared/mtb-hal-cat2/release-v2.0.0/COMPONENT_CAT2/source/cyhal_pwm.o
 .text._cyhal_pwm_init_hw
                0x00001260       0x50 C:/Users/mattf/OneDrive/ece315/ece315-mtb-mfrisch3-submit-app/build/CY8CKIT-145-40XX/Debug/ext/mtb_shared/mtb-hal-cat2/release-v2.0.0/COMPONENT_CAT2/source/cyhal_pwm.o
 .text.cyhal_pwm_set_period_and_compare
                0x000012b0       0xf8 C:/Users/mattf/OneDrive/ece315/ece315-mtb-mfrisch3-submit-app/build/CY8CKIT-145-40XX/Debug/ext/mtb_shared/mtb-hal-cat2/release-v2.0.0/COMPONENT_CAT2/source/cyhal_pwm.o
 .text.cyhal_pwm_free
                0x000013a8       0x2a C:/Users/mattf/OneDrive/ece315/ece315-mtb-mfrisch3-submit-app/build/CY8CKIT-145-40XX/Debug/ext/mtb_shared/mtb-hal-cat2/release-v2.0.0/COMPONENT_CAT2/source/cyhal_pwm.o
                0x000013a8                cyhal_pwm_free
 *fill*         0x000013d2        0x2 
 .text.cyhal_pwm_init_adv
                0x000013d4      0x1b0 C:/Users/mattf/OneDrive/ece315/ece315-mtb-mfrisch3-submit-app/build/CY8CKIT-145-40XX/Debug/ext/mtb_shared/mtb-hal-cat2/release-v2.0.0/COMPONENT_CAT2/source/cyhal_pwm.o
                0x000013d4                cyhal_pwm_init_adv
 .text.cyhal_pwm_set_duty_cycle
                0x00001584       0x7c C:/Users/mattf/OneDrive/ece315/ece315-mtb-mfrisch3-submit-app/build/CY8CKIT-145-40XX/Debug/ext/mtb_shared/mtb-hal-cat2/release-v2.0.0/COMPONENT_CAT2/source/cyhal_pwm.o
                0x00001584                cyhal_pwm_set_duty_cycle
 .text.cyhal_pwm_start
                0x00001600       0x38 C:/Users/mattf/OneDrive/ece315/ece315-mtb-mfrisch3-submit-app/build/CY8CKIT-145-40XX/Debug/ext/mtb_shared/mtb-hal-cat2/release-v2.0.0/COMPONENT_CAT2/source/cyhal_pwm.o
                0x00001600                cyhal_pwm_start
 .text.cyhal_pwm_stop
                0x00001638       0x1a C:/Users/mattf/OneDrive/ece315/ece315-mtb-mfrisch3-submit-app/build/CY8CKIT-145-40XX/Debug/ext/mtb_shared/mtb-hal-cat2/release-v2.0.0/COMPONENT_CAT2/source/cyhal_pwm.o
                0x00001638                cyhal_pwm_stop
 .text._cyhal_syspm_add_callback_to_list
                0x00001652       0x1e C:/Users/mattf/OneDrive/ece315/ece315-mtb-mfrisch3-submit-app/build/CY8CKIT-145-40XX/Debug/ext/mtb_shared/mtb-hal-cat2/release-v2.0.0/COMPONENT_CAT2/source/cyhal_syspm.o
 .text._cyhal_syspm_remove_callback_from_list
                0x00001670       0x30 C:/Users/mattf/OneDrive/ece315/ece315-mtb-mfrisch3-submit-app/build/CY8CKIT-145-40XX/Debug/ext/mtb_shared/mtb-hal-cat2/release-v2.0.0/COMPONENT_CAT2/source/cyhal_syspm.o
 .text._cyhal_syspm_register_peripheral_callback
                0x000016a0       0x18 C:/Users/mattf/OneDrive/ece315/ece315-mtb-mfrisch3-submit-app/build/CY8CKIT-145-40XX/Debug/ext/mtb_shared/mtb-hal-cat2/release-v2.0.0/COMPONENT_CAT2/source/cyhal_syspm.o
                0x000016a0                _cyhal_syspm_register_peripheral_callback
 .text._cyhal_syspm_unregister_peripheral_callback
                0x000016b8       0x18 C:/Users/mattf/OneDrive/ece315/ece315-mtb-mfrisch3-submit-app/build/CY8CKIT-145-40XX/Debug/ext/mtb_shared/mtb-hal-cat2/release-v2.0.0/COMPONENT_CAT2/source/cyhal_syspm.o
                0x000016b8                _cyhal_syspm_unregister_peripheral_callback
 .text.cyhal_system_delay_ms
                0x000016d0        0xa C:/Users/mattf/OneDrive/ece315/ece315-mtb-mfrisch3-submit-app/build/CY8CKIT-145-40XX/Debug/ext/mtb_shared/mtb-hal-cat2/release-v2.0.0/COMPONENT_CAT2/source/cyhal_system.o
                0x000016d0                cyhal_system_delay_ms
 *fill*         0x000016da        0x2 
 .text._cyhal_tcpwm_pm_has_enabled
                0x000016dc       0x24 C:/Users/mattf/OneDrive/ece315/ece315-mtb-mfrisch3-submit-app/build/CY8CKIT-145-40XX/Debug/ext/mtb_shared/mtb-hal-cat2/release-v2.0.0/COMPONENT_CAT2/source/cyhal_tcpwm_common.o
 .text._cyhal_tcpwm_pm_callback
                0x00001700       0xd8 C:/Users/mattf/OneDrive/ece315/ece315-mtb-mfrisch3-submit-app/build/CY8CKIT-145-40XX/Debug/ext/mtb_shared/mtb-hal-cat2/release-v2.0.0/COMPONENT_CAT2/source/cyhal_tcpwm_common.o
 .text._cyhal_tcpwm_irq_handler
                0x000017d8       0x84 C:/Users/mattf/OneDrive/ece315/ece315-mtb-mfrisch3-submit-app/build/CY8CKIT-145-40XX/Debug/ext/mtb_shared/mtb-hal-cat2/release-v2.0.0/COMPONENT_CAT2/source/cyhal_tcpwm_common.o
 .text._cyhal_tcpwm_pm_transition_pending
                0x0000185c        0xc C:/Users/mattf/OneDrive/ece315/ece315-mtb-mfrisch3-submit-app/build/CY8CKIT-145-40XX/Debug/ext/mtb_shared/mtb-hal-cat2/release-v2.0.0/COMPONENT_CAT2/source/cyhal_tcpwm_common.o
                0x0000185c                _cyhal_tcpwm_pm_transition_pending
 .text._cyhal_tcpwm_init_data
                0x00001868       0x4c C:/Users/mattf/OneDrive/ece315/ece315-mtb-mfrisch3-submit-app/build/CY8CKIT-145-40XX/Debug/ext/mtb_shared/mtb-hal-cat2/release-v2.0.0/COMPONENT_CAT2/source/cyhal_tcpwm_common.o
                0x00001868                _cyhal_tcpwm_init_data
 .text._cyhal_tcpwm_register_callback
                0x000018b4       0x88 C:/Users/mattf/OneDrive/ece315/ece315-mtb-mfrisch3-submit-app/build/CY8CKIT-145-40XX/Debug/ext/mtb_shared/mtb-hal-cat2/release-v2.0.0/COMPONENT_CAT2/source/cyhal_tcpwm_common.o
                0x000018b4                _cyhal_tcpwm_register_callback
 .text._cyhal_tcpwm_enable_event
                0x0000193c       0xac C:/Users/mattf/OneDrive/ece315/ece315-mtb-mfrisch3-submit-app/build/CY8CKIT-145-40XX/Debug/ext/mtb_shared/mtb-hal-cat2/release-v2.0.0/COMPONENT_CAT2/source/cyhal_tcpwm_common.o
                0x0000193c                _cyhal_tcpwm_enable_event
 .text._cyhal_tpwm_calculate_dest
                0x000019e8        0xa C:/Users/mattf/OneDrive/ece315/ece315-mtb-mfrisch3-submit-app/build/CY8CKIT-145-40XX/Debug/ext/mtb_shared/mtb-hal-cat2/release-v2.0.0/COMPONENT_CAT2/source/cyhal_tcpwm_common.o
                0x000019e8                _cyhal_tpwm_calculate_dest
 *fill*         0x000019f2        0x2 
 .text._cyhal_tcpwm_disconnect_digital
                0x000019f4      0x154 C:/Users/mattf/OneDrive/ece315/ece315-mtb-mfrisch3-submit-app/build/CY8CKIT-145-40XX/Debug/ext/mtb_shared/mtb-hal-cat2/release-v2.0.0/COMPONENT_CAT2/source/cyhal_tcpwm_common.o
                0x000019f4                _cyhal_tcpwm_disconnect_digital
 .text._cyhal_tcpwm_free
                0x00001b48       0xe4 C:/Users/mattf/OneDrive/ece315/ece315-mtb-mfrisch3-submit-app/build/CY8CKIT-145-40XX/Debug/ext/mtb_shared/mtb-hal-cat2/release-v2.0.0/COMPONENT_CAT2/source/cyhal_tcpwm_common.o
                0x00001b48                _cyhal_tcpwm_free
 .text.cyhal_timer_set_frequency
                0x00001c2c       0x78 C:/Users/mattf/OneDrive/ece315/ece315-mtb-mfrisch3-submit-app/build/CY8CKIT-145-40XX/Debug/ext/mtb_shared/mtb-hal-cat2/release-v2.0.0/COMPONENT_CAT2/source/cyhal_timer.o
                0x00001c2c                cyhal_timer_set_frequency
 .text._cyhal_timer_init_hw
                0x00001ca4       0xb4 C:/Users/mattf/OneDrive/ece315/ece315-mtb-mfrisch3-submit-app/build/CY8CKIT-145-40XX/Debug/ext/mtb_shared/mtb-hal-cat2/release-v2.0.0/COMPONENT_CAT2/source/cyhal_timer.o
                0x00001ca4                _cyhal_timer_init_hw
 .text.cyhal_timer_init
                0x00001d58       0x58 C:/Users/mattf/OneDrive/ece315/ece315-mtb-mfrisch3-submit-app/build/CY8CKIT-145-40XX/Debug/ext/mtb_shared/mtb-hal-cat2/release-v2.0.0/COMPONENT_CAT2/source/cyhal_timer.o
                0x00001d58                cyhal_timer_init
 .text.cyhal_timer_start
                0x00001db0       0x38 C:/Users/mattf/OneDrive/ece315/ece315-mtb-mfrisch3-submit-app/build/CY8CKIT-145-40XX/Debug/ext/mtb_shared/mtb-hal-cat2/release-v2.0.0/COMPONENT_CAT2/source/cyhal_timer.o
                0x00001db0                cyhal_timer_start
 .text.cyhal_timer_reset
                0x00001de8       0x1c C:/Users/mattf/OneDrive/ece315/ece315-mtb-mfrisch3-submit-app/build/CY8CKIT-145-40XX/Debug/ext/mtb_shared/mtb-hal-cat2/release-v2.0.0/COMPONENT_CAT2/source/cyhal_timer.o
                0x00001de8                cyhal_timer_reset
 .text.cyhal_timer_configure
                0x00001e04       0xa8 C:/Users/mattf/OneDrive/ece315/ece315-mtb-mfrisch3-submit-app/build/CY8CKIT-145-40XX/Debug/ext/mtb_shared/mtb-hal-cat2/release-v2.0.0/COMPONENT_CAT2/source/cyhal_timer.o
                0x00001e04                cyhal_timer_configure
 .text._cyhal_utils_get_resource
                0x00001eac       0x46 C:/Users/mattf/OneDrive/ece315/ece315-mtb-mfrisch3-submit-app/build/CY8CKIT-145-40XX/Debug/ext/mtb_shared/mtb-hal-cat2/release-v2.0.0/COMPONENT_CAT2/source/cyhal_utils.o
                0x00001eac                _cyhal_utils_get_resource
 .text._cyhal_utils_try_alloc
                0x00001ef2       0x50 C:/Users/mattf/OneDrive/ece315/ece315-mtb-mfrisch3-submit-app/build/CY8CKIT-145-40XX/Debug/ext/mtb_shared/mtb-hal-cat2/release-v2.0.0/COMPONENT_CAT2/source/cyhal_utils.o
                0x00001ef2                _cyhal_utils_try_alloc
 .text._cyhal_utils_release_if_used
                0x00001f42       0x16 C:/Users/mattf/OneDrive/ece315/ece315-mtb-mfrisch3-submit-app/build/CY8CKIT-145-40XX/Debug/ext/mtb_shared/mtb-hal-cat2/release-v2.0.0/COMPONENT_CAT2/source/cyhal_utils.o
                0x00001f42                _cyhal_utils_release_if_used
 .text._cyhal_utils_reserve_and_connect
                0x00001f58       0x5c C:/Users/mattf/OneDrive/ece315/ece315-mtb-mfrisch3-submit-app/build/CY8CKIT-145-40XX/Debug/ext/mtb_shared/mtb-hal-cat2/release-v2.0.0/COMPONENT_CAT2/source/cyhal_utils_psoc.o
                0x00001f58                _cyhal_utils_reserve_and_connect
 .text._cyhal_utils_disconnect_and_free
                0x00001fb4       0x4c C:/Users/mattf/OneDrive/ece315/ece315-mtb-mfrisch3-submit-app/build/CY8CKIT-145-40XX/Debug/ext/mtb_shared/mtb-hal-cat2/release-v2.0.0/COMPONENT_CAT2/source/cyhal_utils_psoc.o
                0x00001fb4                _cyhal_utils_disconnect_and_free
 .text._cyhal_utils_calculate_tolerance
                0x00002000       0x54 C:/Users/mattf/OneDrive/ece315/ece315-mtb-mfrisch3-submit-app/build/CY8CKIT-145-40XX/Debug/ext/mtb_shared/mtb-hal-cat2/release-v2.0.0/COMPONENT_CAT2/source/cyhal_utils_psoc.o
                0x00002000                _cyhal_utils_calculate_tolerance
 .text._cyhal_utils_get_clock_count
                0x00002054       0x2a C:/Users/mattf/OneDrive/ece315/ece315-mtb-mfrisch3-submit-app/build/CY8CKIT-145-40XX/Debug/ext/mtb_shared/mtb-hal-cat2/release-v2.0.0/COMPONENT_CAT2/source/cyhal_utils_psoc.o
                0x00002054                _cyhal_utils_get_clock_count
 *fill*         0x0000207e        0x2 
 .text._cyhal_utils_allocate_clock
                0x00002080       0x50 C:/Users/mattf/OneDrive/ece315/ece315-mtb-mfrisch3-submit-app/build/CY8CKIT-145-40XX/Debug/ext/mtb_shared/mtb-hal-cat2/release-v2.0.0/COMPONENT_CAT2/source/cyhal_utils_psoc.o
                0x00002080                _cyhal_utils_allocate_clock
 .text.Cy_SysClk_ExtClkGetFrequency
                0x000020d0        0xc C:/Users/mattf/OneDrive/ece315/ece315-mtb-mfrisch3-submit-app/build/CY8CKIT-145-40XX/Debug/ext/mtb_shared/mtb-pdl-cat2/release-v1.6.1/drivers/source/cy_sysclk.o
                0x000020d0                Cy_SysClk_ExtClkGetFrequency
 .text.Cy_SysClk_ImoGetFrequency
                0x000020dc       0x3c C:/Users/mattf/OneDrive/ece315/ece315-mtb-mfrisch3-submit-app/build/CY8CKIT-145-40XX/Debug/ext/mtb_shared/mtb-pdl-cat2/release-v1.6.1/drivers/source/cy_sysclk.o
                0x000020dc                Cy_SysClk_ImoGetFrequency
 .text.Cy_SysClk_ClkHfGetSource
                0x00002118       0x10 C:/Users/mattf/OneDrive/ece315/ece315-mtb-mfrisch3-submit-app/build/CY8CKIT-145-40XX/Debug/ext/mtb_shared/mtb-pdl-cat2/release-v1.6.1/drivers/source/cy_sysclk.o
                0x00002118                Cy_SysClk_ClkHfGetSource
 .text.Cy_SysClk_ClkHfGetFrequency
                0x00002128       0x3c C:/Users/mattf/OneDrive/ece315/ece315-mtb-mfrisch3-submit-app/build/CY8CKIT-145-40XX/Debug/ext/mtb_shared/mtb-pdl-cat2/release-v1.6.1/drivers/source/cy_sysclk.o
                0x00002128                Cy_SysClk_ClkHfGetFrequency
 .text.Cy_SysClk_PeriphSetDivider
                0x00002164       0x48 C:/Users/mattf/OneDrive/ece315/ece315-mtb-mfrisch3-submit-app/build/CY8CKIT-145-40XX/Debug/ext/mtb_shared/mtb-pdl-cat2/release-v1.6.1/drivers/source/cy_sysclk.o
                0x00002164                Cy_SysClk_PeriphSetDivider
 .text.Cy_SysClk_PeriphGetDivider
                0x000021ac       0x30 C:/Users/mattf/OneDrive/ece315/ece315-mtb-mfrisch3-submit-app/build/CY8CKIT-145-40XX/Debug/ext/mtb_shared/mtb-pdl-cat2/release-v1.6.1/drivers/source/cy_sysclk.o
                0x000021ac                Cy_SysClk_PeriphGetDivider
 .text.Cy_SysClk_PeriphSetFracDivider
                0x000021dc       0x64 C:/Users/mattf/OneDrive/ece315/ece315-mtb-mfrisch3-submit-app/build/CY8CKIT-145-40XX/Debug/ext/mtb_shared/mtb-pdl-cat2/release-v1.6.1/drivers/source/cy_sysclk.o
                0x000021dc                Cy_SysClk_PeriphSetFracDivider
 .text.Cy_SysClk_PeriphGetFracDivider
                0x00002240       0x50 C:/Users/mattf/OneDrive/ece315/ece315-mtb-mfrisch3-submit-app/build/CY8CKIT-145-40XX/Debug/ext/mtb_shared/mtb-pdl-cat2/release-v1.6.1/drivers/source/cy_sysclk.o
                0x00002240                Cy_SysClk_PeriphGetFracDivider
 .text.Cy_SysClk_PeriphGetFrequency
                0x00002290       0x74 C:/Users/mattf/OneDrive/ece315/ece315-mtb-mfrisch3-submit-app/build/CY8CKIT-145-40XX/Debug/ext/mtb_shared/mtb-pdl-cat2/release-v1.6.1/drivers/source/cy_sysclk.o
                0x00002290                Cy_SysClk_PeriphGetFrequency
 .text.Cy_SysClk_PeriphAssignDivider
                0x00002304       0x44 C:/Users/mattf/OneDrive/ece315/ece315-mtb-mfrisch3-submit-app/build/CY8CKIT-145-40XX/Debug/ext/mtb_shared/mtb-pdl-cat2/release-v1.6.1/drivers/source/cy_sysclk.o
                0x00002304                Cy_SysClk_PeriphAssignDivider
 .text.Cy_SysClk_PeriphEnableDivider
                0x00002348       0x40 C:/Users/mattf/OneDrive/ece315/ece315-mtb-mfrisch3-submit-app/build/CY8CKIT-145-40XX/Debug/ext/mtb_shared/mtb-pdl-cat2/release-v1.6.1/drivers/source/cy_sysclk.o
                0x00002348                Cy_SysClk_PeriphEnableDivider
 .text.Cy_SysClk_PeriphDisableDivider
                0x00002388       0x3c C:/Users/mattf/OneDrive/ece315/ece315-mtb-mfrisch3-submit-app/build/CY8CKIT-145-40XX/Debug/ext/mtb_shared/mtb-pdl-cat2/release-v1.6.1/drivers/source/cy_sysclk.o
                0x00002388                Cy_SysClk_PeriphDisableDivider
 .text.Cy_SysClk_PeriphDividerIsEnabled
                0x000023c4       0x44 C:/Users/mattf/OneDrive/ece315/ece315-mtb-mfrisch3-submit-app/build/CY8CKIT-145-40XX/Debug/ext/mtb_shared/mtb-pdl-cat2/release-v1.6.1/drivers/source/cy_sysclk.o
                0x000023c4                Cy_SysClk_PeriphDividerIsEnabled
 .text.Cy_SysInt_SetVector
                0x00002408       0x34 C:/Users/mattf/OneDrive/ece315/ece315-mtb-mfrisch3-submit-app/build/CY8CKIT-145-40XX/Debug/ext/mtb_shared/mtb-pdl-cat2/release-v1.6.1/drivers/source/cy_sysint.o
                0x00002408                Cy_SysInt_SetVector
 .text.Cy_SysInt_Init
                0x0000243c       0xa8 C:/Users/mattf/OneDrive/ece315/ece315-mtb-mfrisch3-submit-app/build/CY8CKIT-145-40XX/Debug/ext/mtb_shared/mtb-pdl-cat2/release-v1.6.1/drivers/source/cy_sysint.o
                0x0000243c                Cy_SysInt_Init
 .text.Cy_SysLib_Delay
                0x000024e4       0x34 C:/Users/mattf/OneDrive/ece315/ece315-mtb-mfrisch3-submit-app/build/CY8CKIT-145-40XX/Debug/ext/mtb_shared/mtb-pdl-cat2/release-v1.6.1/drivers/source/cy_syslib.o
                0x000024e4                Cy_SysLib_Delay
 .text.Cy_SysLib_ProcessingFault
                0x00002518        0x2 C:/Users/mattf/OneDrive/ece315/ece315-mtb-mfrisch3-submit-app/build/CY8CKIT-145-40XX/Debug/ext/mtb_shared/mtb-pdl-cat2/release-v1.6.1/drivers/source/cy_syslib.o
                0x00002518                Cy_SysLib_ProcessingFault
 *fill*         0x0000251a        0x2 
 .text.Cy_TCPWM_Counter_Init
                0x0000251c      0x130 C:/Users/mattf/OneDrive/ece315/ece315-mtb-mfrisch3-submit-app/build/CY8CKIT-145-40XX/Debug/ext/mtb_shared/mtb-pdl-cat2/release-v1.6.1/drivers/source/cy_tcpwm_counter.o
                0x0000251c                Cy_TCPWM_Counter_Init
 .text.Cy_TCPWM_Counter_DeInit
                0x0000264c       0x58 C:/Users/mattf/OneDrive/ece315/ece315-mtb-mfrisch3-submit-app/build/CY8CKIT-145-40XX/Debug/ext/mtb_shared/mtb-pdl-cat2/release-v1.6.1/drivers/source/cy_tcpwm_counter.o
                0x0000264c                Cy_TCPWM_Counter_DeInit
 .text.Cy_TCPWM_PWM_Init
                0x000026a4      0x198 C:/Users/mattf/OneDrive/ece315/ece315-mtb-mfrisch3-submit-app/build/CY8CKIT-145-40XX/Debug/ext/mtb_shared/mtb-pdl-cat2/release-v1.6.1/drivers/source/cy_tcpwm_pwm.o
                0x000026a4                Cy_TCPWM_PWM_Init
 .text.Cy_TrigMux_Connect
                0x0000283c       0x70 C:/Users/mattf/OneDrive/ece315/ece315-mtb-mfrisch3-submit-app/build/CY8CKIT-145-40XX/Debug/ext/mtb_shared/mtb-pdl-cat2/release-v1.6.1/drivers/source/cy_trigmux.o
                0x0000283c                Cy_TrigMux_Connect
 .text          0x000028ac      0x114 c:/users/mattf/modustoolbox/tools_2.4/gcc/bin/../lib/gcc/arm-none-eabi/10.3.1/thumb/v6-m/nofp\libgcc.a(_udivsi3.o)
                0x000028ac                __aeabi_uidiv
                0x000028ac                __udivsi3
                0x000029b8                __aeabi_uidivmod
 .text          0x000029c0      0x1d4 c:/users/mattf/modustoolbox/tools_2.4/gcc/bin/../lib/gcc/arm-none-eabi/10.3.1/thumb/v6-m/nofp\libgcc.a(_divsi3.o)
                0x000029c0                __divsi3
                0x000029c0                __aeabi_idiv
                0x00002b8c                __aeabi_idivmod
 .text          0x00002b94        0x4 c:/users/mattf/modustoolbox/tools_2.4/gcc/bin/../lib/gcc/arm-none-eabi/10.3.1/thumb/v6-m/nofp\libgcc.a(_dvmd_tls.o)
                0x00002b94                __aeabi_idiv0
                0x00002b94                __aeabi_ldiv0
 .text          0x00002b98       0x74 c:/users/mattf/modustoolbox/tools_2.4/gcc/bin/../lib/gcc/arm-none-eabi/10.3.1/thumb/v6-m/nofp\libgcc.a(_arm_cmpsf2.o)
                0x00002b98                __aeabi_cfrcmple
                0x00002ba0                __aeabi_cfcmpeq
                0x00002ba0                __aeabi_cfcmple
                0x00002bb0                __aeabi_fcmpeq
                0x00002bbc                __aeabi_fcmplt
                0x00002bd0                __aeabi_fcmple
                0x00002be4                __aeabi_fcmpgt
                0x00002bf8                __aeabi_fcmpge
 .text          0x00002c0c       0x3c c:/users/mattf/modustoolbox/tools_2.4/gcc/bin/../lib/gcc/arm-none-eabi/10.3.1/thumb/v6-m/nofp\libgcc.a(_clzsi2.o)
                0x00002c0c                __clzsi2
 .text          0x00002c48       0x48 c:/users/mattf/modustoolbox/tools_2.4/gcc/bin/../lib/gcc/arm-none-eabi/10.3.1/thumb/v6-m/nofp\libgcc.a(_aeabi_ldivmod.o)
                0x00002c48                __aeabi_ldivmod
 .text          0x00002c90       0x40 c:/users/mattf/modustoolbox/tools_2.4/gcc/bin/../lib/gcc/arm-none-eabi/10.3.1/thumb/v6-m/nofp\libgcc.a(_aeabi_uldivmod.o)
                0x00002c90                __aeabi_uldivmod
 .text          0x00002cd0       0x5c c:/users/mattf/modustoolbox/tools_2.4/gcc/bin/../lib/gcc/arm-none-eabi/10.3.1/thumb/v6-m/nofp\libgcc.a(_muldi3.o)
                0x00002cd0                __muldi3
                0x00002cd0                __aeabi_lmul
 .text          0x00002d2c       0x30 c:/users/mattf/modustoolbox/tools_2.4/gcc/bin/../lib/gcc/arm-none-eabi/10.3.1/thumb/v6-m/nofp\libgcc.a(_fixunssfsi.o)
                0x00002d2c                __fixunssfsi
                0x00002d2c                __aeabi_f2uiz
 .text          0x00002d5c      0x198 c:/users/mattf/modustoolbox/tools_2.4/gcc/bin/../lib/gcc/arm-none-eabi/10.3.1/thumb/v6-m/nofp\libgcc.a(_udivmoddi4.o)
                0x00002d5c                __udivmoddi4
 .text          0x00002ef4       0x3c c:/users/mattf/modustoolbox/tools_2.4/gcc/bin/../lib/gcc/arm-none-eabi/10.3.1/thumb/v6-m/nofp\libgcc.a(bpabi.o)
                0x00002ef4                __gnu_ldivmod_helper
 .text          0x00002f30       0x4c c:/users/mattf/modustoolbox/tools_2.4/gcc/bin/../lib/gcc/arm-none-eabi/10.3.1/thumb/v6-m/nofp\libgcc.a(eqsf2.o)
                0x00002f30                __eqsf2
                0x00002f30                __nesf2
 .text          0x00002f7c       0x8c c:/users/mattf/modustoolbox/tools_2.4/gcc/bin/../lib/gcc/arm-none-eabi/10.3.1/thumb/v6-m/nofp\libgcc.a(gesf2.o)
                0x00002f7c                __gesf2
                0x00002f7c                __gtsf2
 .text          0x00003008       0x88 c:/users/mattf/modustoolbox/tools_2.4/gcc/bin/../lib/gcc/arm-none-eabi/10.3.1/thumb/v6-m/nofp\libgcc.a(lesf2.o)
                0x00003008                __ltsf2
                0x00003008                __lesf2
 .text          0x00003090      0x24c c:/users/mattf/modustoolbox/tools_2.4/gcc/bin/../lib/gcc/arm-none-eabi/10.3.1/thumb/v6-m/nofp\libgcc.a(mulsf3.o)
                0x00003090                __aeabi_fmul
 .text          0x000032dc      0x35c c:/users/mattf/modustoolbox/tools_2.4/gcc/bin/../lib/gcc/arm-none-eabi/10.3.1/thumb/v6-m/nofp\libgcc.a(subsf3.o)
                0x000032dc                __aeabi_fsub
 .text          0x00003638       0x40 c:/users/mattf/modustoolbox/tools_2.4/gcc/bin/../lib/gcc/arm-none-eabi/10.3.1/thumb/v6-m/nofp\libgcc.a(fixsfsi.o)
                0x00003638                __aeabi_f2iz
 .text          0x00003678       0x84 c:/users/mattf/modustoolbox/tools_2.4/gcc/bin/../lib/gcc/arm-none-eabi/10.3.1/thumb/v6-m/nofp\libgcc.a(floatunsisf.o)
                0x00003678                __aeabi_ui2f
 .text          0x000036fc       0x18 c:/users/mattf/modustoolbox/tools_2.4/gcc/bin/../lib/gcc/arm-none-eabi/10.3.1/thumb/v6-m/nofp\libgcc.a(_clzdi2.o)
                0x000036fc                __clzdi2
 .text          0x00003714      0x1cc c:/users/mattf/modustoolbox/tools_2.4/gcc/bin/../lib/gcc/arm-none-eabi/10.3.1/thumb/v6-m/nofp\libgcc.a(_divdi3.o)
                0x00003714                __divdi3
 .text.exit     0x000038e0       0x2c c:/users/mattf/modustoolbox/tools_2.4/gcc/bin/../lib/gcc/arm-none-eabi/10.3.1/../../../../arm-none-eabi/lib/thumb/v6-m/nofp\libg_nano.a(lib_a-exit.o)
                0x000038e0                exit
 .text.__libc_init_array
                0x0000390c       0x48 c:/users/mattf/modustoolbox/tools_2.4/gcc/bin/../lib/gcc/arm-none-eabi/10.3.1/../../../../arm-none-eabi/lib/thumb/v6-m/nofp\libg_nano.a(lib_a-init.o)
                0x0000390c                __libc_init_array
 .text.memcpy   0x00003954       0x12 c:/users/mattf/modustoolbox/tools_2.4/gcc/bin/../lib/gcc/arm-none-eabi/10.3.1/../../../../arm-none-eabi/lib/thumb/v6-m/nofp\libg_nano.a(lib_a-memcpy-stub.o)
                0x00003954                memcpy
 .text.memset   0x00003966       0x10 c:/users/mattf/modustoolbox/tools_2.4/gcc/bin/../lib/gcc/arm-none-eabi/10.3.1/../../../../arm-none-eabi/lib/thumb/v6-m/nofp\libg_nano.a(lib_a-memset.o)
                0x00003966                memset
 *fill*         0x00003976        0x2 
 .text._exit    0x00003978        0x4 c:/users/mattf/modustoolbox/tools_2.4/gcc/bin/../lib/gcc/arm-none-eabi/10.3.1/../../../../arm-none-eabi/lib/thumb/v6-m/nofp\libnosys.a(_exit.o)
                0x00003978                _exit
 *(.init)
 .init          0x0000397c        0x4 c:/users/mattf/modustoolbox/tools_2.4/gcc/bin/../lib/gcc/arm-none-eabi/10.3.1/thumb/v6-m/nofp/crti.o
                0x0000397c                _init
 .init          0x00003980        0x8 c:/users/mattf/modustoolbox/tools_2.4/gcc/bin/../lib/gcc/arm-none-eabi/10.3.1/thumb/v6-m/nofp/crtn.o
 *(.fini)
 .fini          0x00003988        0x4 c:/users/mattf/modustoolbox/tools_2.4/gcc/bin/../lib/gcc/arm-none-eabi/10.3.1/thumb/v6-m/nofp/crti.o
                0x00003988                _fini
 .fini          0x0000398c        0x8 c:/users/mattf/modustoolbox/tools_2.4/gcc/bin/../lib/gcc/arm-none-eabi/10.3.1/thumb/v6-m/nofp/crtn.o
 *crtbegin.o(.ctors)
 *crtbegin?.o(.ctors)
 *(EXCLUDE_FILE(*crtend.o *crtend?.o) .ctors)
 *(SORT_BY_NAME(.ctors.*))
 *(.ctors)
 *crtbegin.o(.dtors)
 *crtbegin?.o(.dtors)
 *(EXCLUDE_FILE(*crtend.o *crtend?.o) .dtors)
 *(SORT_BY_NAME(.dtors.*))
 *(.dtors)
 *(.rodata .rodata.* .constdata .constdata.* .conststring .conststring.*)
 .rodata.turn_LED_on
                0x00003994       0x30 C:/Users/mattf/OneDrive/ece315/ece315-mtb-mfrisch3-submit-app/build/CY8CKIT-145-40XX/Debug/main.o
 .rodata.CYHAL_CLOCK_RSC_SYS
                0x000039c4        0x3 C:/Users/mattf/OneDrive/ece315/ece315-mtb-mfrisch3-submit-app/build/CY8CKIT-145-40XX/Debug/ext/mtb_shared/mtb-hal-cat2/release-v2.0.0/COMPONENT_CAT2/source/cyhal_clock.o
                0x000039c4                CYHAL_CLOCK_RSC_SYS
 *fill*         0x000039c7        0x1 
 .rodata.FUNCS_PERIPHERAL
                0x000039c8       0x20 C:/Users/mattf/OneDrive/ece315/ece315-mtb-mfrisch3-submit-app/build/CY8CKIT-145-40XX/Debug/ext/mtb_shared/mtb-hal-cat2/release-v2.0.0/COMPONENT_CAT2/source/cyhal_clock.o
 .rodata._cyhal_gpio_convert_drive_mode
                0x000039e8       0x24 C:/Users/mattf/OneDrive/ece315/ece315-mtb-mfrisch3-submit-app/build/CY8CKIT-145-40XX/Debug/ext/mtb_shared/mtb-hal-cat2/release-v2.0.0/COMPONENT_CAT2/source/cyhal_gpio.o
 .rodata._cyhal_get_bit_position
                0x00003a0c       0x68 C:/Users/mattf/OneDrive/ece315/ece315-mtb-mfrisch3-submit-app/build/CY8CKIT-145-40XX/Debug/ext/mtb_shared/mtb-hal-cat2/release-v2.0.0/COMPONENT_CAT2/source/cyhal_hwmgr.o
 .rodata._cyhal_hwmgr_allocate_with_connection
                0x00003a74       0x68 C:/Users/mattf/OneDrive/ece315/ece315-mtb-mfrisch3-submit-app/build/CY8CKIT-145-40XX/Debug/ext/mtb_shared/mtb-hal-cat2/release-v2.0.0/COMPONENT_CAT2/source/cyhal_hwmgr.o
 .rodata.cyhal_block_offsets_can
                0x00003adc        0x1 C:/Users/mattf/OneDrive/ece315/ece315-mtb-mfrisch3-submit-app/build/CY8CKIT-145-40XX/Debug/ext/mtb_shared/mtb-hal-cat2/release-v2.0.0/COMPONENT_CAT2/source/cyhal_hwmgr.o
 *fill*         0x00003add        0x3 
 .rodata.cyhal_block_offsets_clock
                0x00003ae0       0x10 C:/Users/mattf/OneDrive/ece315/ece315-mtb-mfrisch3-submit-app/build/CY8CKIT-145-40XX/Debug/ext/mtb_shared/mtb-hal-cat2/release-v2.0.0/COMPONENT_CAT2/source/cyhal_hwmgr.o
 .rodata.cyhal_block_offsets_dma
                0x00003af0        0x1 C:/Users/mattf/OneDrive/ece315/ece315-mtb-mfrisch3-submit-app/build/CY8CKIT-145-40XX/Debug/ext/mtb_shared/mtb-hal-cat2/release-v2.0.0/COMPONENT_CAT2/source/cyhal_hwmgr.o
 *fill*         0x00003af1        0x3 
 .rodata.cyhal_block_offsets_gpio
                0x00003af4       0x10 C:/Users/mattf/OneDrive/ece315/ece315-mtb-mfrisch3-submit-app/build/CY8CKIT-145-40XX/Debug/ext/mtb_shared/mtb-hal-cat2/release-v2.0.0/COMPONENT_CAT2/source/cyhal_hwmgr.o
 .rodata.cyhal_block_offsets_lpcomp
                0x00003b04        0x1 C:/Users/mattf/OneDrive/ece315/ece315-mtb-mfrisch3-submit-app/build/CY8CKIT-145-40XX/Debug/ext/mtb_shared/mtb-hal-cat2/release-v2.0.0/COMPONENT_CAT2/source/cyhal_hwmgr.o
 *fill*         0x00003b05        0x3 
 .rodata.cyhal_block_offsets_opamp
                0x00003b08        0x1 C:/Users/mattf/OneDrive/ece315/ece315-mtb-mfrisch3-submit-app/build/CY8CKIT-145-40XX/Debug/ext/mtb_shared/mtb-hal-cat2/release-v2.0.0/COMPONENT_CAT2/source/cyhal_hwmgr.o
 *fill*         0x00003b09        0x3 
 .rodata.cyhal_block_offsets_tcpwm
                0x00003b0c        0x1 C:/Users/mattf/OneDrive/ece315/ece315-mtb-mfrisch3-submit-app/build/CY8CKIT-145-40XX/Debug/ext/mtb_shared/mtb-hal-cat2/release-v2.0.0/COMPONENT_CAT2/source/cyhal_hwmgr.o
 *fill*         0x00003b0d        0x3 
 .rodata.cyhal_resource_offsets
                0x00003b10       0x1e C:/Users/mattf/OneDrive/ece315/ece315-mtb-mfrisch3-submit-app/build/CY8CKIT-145-40XX/Debug/ext/mtb_shared/mtb-hal-cat2/release-v2.0.0/COMPONENT_CAT2/source/cyhal_hwmgr.o
 *fill*         0x00003b2e        0x2 
 .rodata._cyhal_tcpwm_disconnect_digital
                0x00003b30       0x14 C:/Users/mattf/OneDrive/ece315/ece315-mtb-mfrisch3-submit-app/build/CY8CKIT-145-40XX/Debug/ext/mtb_shared/mtb-hal-cat2/release-v2.0.0/COMPONENT_CAT2/source/cyhal_tcpwm_common.o
 .rodata._CYHAL_TCPWM_DATA
                0x00003b44       0x10 C:/Users/mattf/OneDrive/ece315/ece315-mtb-mfrisch3-submit-app/build/CY8CKIT-145-40XX/Debug/ext/mtb_shared/mtb-hal-cat2/release-v2.0.0/COMPONENT_CAT2/source/cyhal_tcpwm_common.o
                0x00003b44                _CYHAL_TCPWM_DATA
 .rodata        0x00003b54        0x8 C:/Users/mattf/OneDrive/ece315/ece315-mtb-mfrisch3-submit-app/build/CY8CKIT-145-40XX/Debug/ext/mtb_shared/mtb-hal-cat2/release-v2.0.0/COMPONENT_CAT2/source/cyhal_timer.o
 .rodata._cyhal_timer_default_config
                0x00003b5c       0x4c C:/Users/mattf/OneDrive/ece315/ece315-mtb-mfrisch3-submit-app/build/CY8CKIT-145-40XX/Debug/ext/mtb_shared/mtb-hal-cat2/release-v2.0.0/COMPONENT_CAT2/source/cyhal_timer.o
 .rodata.PERI_DIVIDERS.0
                0x00003ba8        0x4 C:/Users/mattf/OneDrive/ece315/ece315-mtb-mfrisch3-submit-app/build/CY8CKIT-145-40XX/Debug/ext/mtb_shared/mtb-hal-cat2/release-v2.0.0/COMPONENT_CAT2/source/cyhal_utils_psoc.o
 .rodata.cyhal_pin_map_tcpwm_line
                0x00003bac       0x24 C:/Users/mattf/OneDrive/ece315/ece315-mtb-mfrisch3-submit-app/build/CY8CKIT-145-40XX/Debug/ext/mtb_shared/mtb-hal-cat2/release-v2.0.0/COMPONENT_CAT2/source/pin_packages/cyhal_psoc4000s_48_tqfp.o
                0x00003bac                cyhal_pin_map_tcpwm_line
 .rodata.cyhal_pin_map_tcpwm_line_compl
                0x00003bd0       0x24 C:/Users/mattf/OneDrive/ece315/ece315-mtb-mfrisch3-submit-app/build/CY8CKIT-145-40XX/Debug/ext/mtb_shared/mtb-hal-cat2/release-v2.0.0/COMPONENT_CAT2/source/pin_packages/cyhal_psoc4000s_48_tqfp.o
                0x00003bd0                cyhal_pin_map_tcpwm_line_compl
 .rodata.cyhal_dest_to_mux
                0x00003bf4        0x2 C:/Users/mattf/OneDrive/ece315/ece315-mtb-mfrisch3-submit-app/build/CY8CKIT-145-40XX/Debug/ext/mtb_shared/mtb-hal-cat2/release-v2.0.0/COMPONENT_CAT2/source/triggers/cyhal_triggers_psoc4000s.o
                0x00003bf4                cyhal_dest_to_mux
 *fill*         0x00003bf6        0x2 
 .rodata.cyhal_is_mux_1to1
                0x00003bf8        0x1 C:/Users/mattf/OneDrive/ece315/ece315-mtb-mfrisch3-submit-app/build/CY8CKIT-145-40XX/Debug/ext/mtb_shared/mtb-hal-cat2/release-v2.0.0/COMPONENT_CAT2/source/triggers/cyhal_triggers_psoc4000s.o
                0x00003bf8                cyhal_is_mux_1to1
 *fill*         0x00003bf9        0x3 
 .rodata.cyhal_mux0_sources
                0x00003bfc       0x12 C:/Users/mattf/OneDrive/ece315/ece315-mtb-mfrisch3-submit-app/build/CY8CKIT-145-40XX/Debug/ext/mtb_shared/mtb-hal-cat2/release-v2.0.0/COMPONENT_CAT2/source/triggers/cyhal_triggers_psoc4000s.o
                0x00003bfc                cyhal_mux0_sources
 *fill*         0x00003c0e        0x2 
 .rodata.cyhal_mux_dest_index
                0x00003c10        0x2 C:/Users/mattf/OneDrive/ece315/ece315-mtb-mfrisch3-submit-app/build/CY8CKIT-145-40XX/Debug/ext/mtb_shared/mtb-hal-cat2/release-v2.0.0/COMPONENT_CAT2/source/triggers/cyhal_triggers_psoc4000s.o
                0x00003c10                cyhal_mux_dest_index
 *fill*         0x00003c12        0x2 
 .rodata.cyhal_sources_per_mux
                0x00003c14        0x2 C:/Users/mattf/OneDrive/ece315/ece315-mtb-mfrisch3-submit-app/build/CY8CKIT-145-40XX/Debug/ext/mtb_shared/mtb-hal-cat2/release-v2.0.0/COMPONENT_CAT2/source/triggers/cyhal_triggers_psoc4000s.o
                0x00003c14                cyhal_sources_per_mux
 *fill*         0x00003c16        0x2 
 .rodata        0x00003c18       0x40 c:/users/mattf/modustoolbox/tools_2.4/gcc/bin/../lib/gcc/arm-none-eabi/10.3.1/thumb/v6-m/nofp\libgcc.a(mulsf3.o)
 .rodata._global_impure_ptr
                0x00003c58        0x4 c:/users/mattf/modustoolbox/tools_2.4/gcc/bin/../lib/gcc/arm-none-eabi/10.3.1/../../../../arm-none-eabi/lib/thumb/v6-m/nofp\libg_nano.a(lib_a-impure.o)
                0x00003c58                _global_impure_ptr
 *(.eh_frame*)
 .eh_frame      0x00003c5c        0x0 c:/users/mattf/modustoolbox/tools_2.4/gcc/bin/../lib/gcc/arm-none-eabi/10.3.1/thumb/v6-m/nofp/crtbegin.o
 .eh_frame      0x00003c5c        0x4 c:/users/mattf/modustoolbox/tools_2.4/gcc/bin/../lib/gcc/arm-none-eabi/10.3.1/thumb/v6-m/nofp/crtend.o

.glue_7         0x00003c60        0x0
 .glue_7        0x00003c60        0x0 linker stubs

.glue_7t        0x00003c60        0x0
 .glue_7t       0x00003c60        0x0 linker stubs

.vfp11_veneer   0x00003c60        0x0
 .vfp11_veneer  0x00003c60        0x0 linker stubs

.v4_bx          0x00003c60        0x0
 .v4_bx         0x00003c60        0x0 linker stubs

.iplt           0x00003c60        0x0
 .iplt          0x00003c60        0x0 c:/users/mattf/modustoolbox/tools_2.4/gcc/bin/../lib/gcc/arm-none-eabi/10.3.1/thumb/v6-m/nofp/crtbegin.o

.ARM.extab
 *(.ARM.extab* .gnu.linkonce.armextab.*)
                0x00003c60                __exidx_start = .

.ARM.exidx      0x00003c60        0x8
 *(.ARM.exidx* .gnu.linkonce.armexidx.*)
 .ARM.exidx     0x00003c60        0x8 c:/users/mattf/modustoolbox/tools_2.4/gcc/bin/../lib/gcc/arm-none-eabi/10.3.1/../../../../arm-none-eabi/lib/thumb/v6-m/nofp/crt0.o
                                 0x10 (size before relaxing)
 .ARM.exidx     0x00003c68        0x0 c:/users/mattf/modustoolbox/tools_2.4/gcc/bin/../lib/gcc/arm-none-eabi/10.3.1/thumb/v6-m/nofp\libgcc.a(_udivmoddi4.o)
                                  0x8 (size before relaxing)
 .ARM.exidx     0x00003c68        0x0 c:/users/mattf/modustoolbox/tools_2.4/gcc/bin/../lib/gcc/arm-none-eabi/10.3.1/thumb/v6-m/nofp\libgcc.a(_divdi3.o)
                                  0x8 (size before relaxing)
                0x00003c68                __exidx_end = .

.rel.dyn        0x00003c68        0x0
 .rel.iplt      0x00003c68        0x0 c:/users/mattf/modustoolbox/tools_2.4/gcc/bin/../lib/gcc/arm-none-eabi/10.3.1/thumb/v6-m/nofp/crtbegin.o

.copy.table     0x00003c68        0xc
                0x00003c68                . = ALIGN (0x4)
                0x00003c68                __copy_table_start__ = .
                0x00003c68        0x4 LONG 0x3c7c __etext
                0x00003c6c        0x4 LONG 0x200000c0 __data_start__
                0x00003c70        0x4 LONG 0x23 ((__data_end__ - __data_start__) / 0x4)
                0x00003c74                __copy_table_end__ = .

.zero.table     0x00003c74        0x8
                0x00003c74                . = ALIGN (0x4)
                0x00003c74                __zero_table_start__ = .
                0x00003c74        0x4 LONG 0x20000170 __bss_start__
                0x00003c78        0x4 LONG 0x3f ((__bss_end__ - __bss_start__) / 0x4)
                0x00003c7c                __zero_table_end__ = .
                0x00003c7c                __etext = ALIGN (0x4)

.ramVectors     0x20000000       0xc0
                0x20000000                __ram_vectors_start__ = .
 *(.ram_vectors)
 .ram_vectors   0x20000000       0xc0 C:/Users/mattf/OneDrive/ece315/ece315-mtb-mfrisch3-submit-app/build/CY8CKIT-145-40XX/Debug/libs/TARGET_CY8CKIT-145-40XX/startup_psoc4000s.o
                0x20000000                __RAM_VECTOR_TABLE
                0x200000c0                __ram_vectors_end__ = .

.data           0x200000c0       0x8c load address 0x00003c7c
                0x200000c0                __data_start__ = .
 *(vtable)
 *(.data*)
 .data.cy_delay32kMs
                0x200000c0        0x4 C:/Users/mattf/OneDrive/ece315/ece315-mtb-mfrisch3-submit-app/build/CY8CKIT-145-40XX/Debug/libs/TARGET_CY8CKIT-145-40XX/system_cat2.o
                0x200000c0                cy_delay32kMs
 .data.cy_delayFreqKhz
                0x200000c4        0x4 C:/Users/mattf/OneDrive/ece315/ece315-mtb-mfrisch3-submit-app/build/CY8CKIT-145-40XX/Debug/libs/TARGET_CY8CKIT-145-40XX/system_cat2.o
                0x200000c4                cy_delayFreqKhz
 .data.CYHAL_CLOCK_SOURCE_PERIPHERAL.0
                0x200000c8        0x4 C:/Users/mattf/OneDrive/ece315/ece315-mtb-mfrisch3-submit-app/build/CY8CKIT-145-40XX/Debug/ext/mtb_shared/mtb-hal-cat2/release-v2.0.0/COMPONENT_CAT2/source/cyhal_clock.o
 .data._cyhal_syspm_peripheral_callback_ptr
                0x200000cc        0x4 C:/Users/mattf/OneDrive/ece315/ece315-mtb-mfrisch3-submit-app/build/CY8CKIT-145-40XX/Debug/ext/mtb_shared/mtb-hal-cat2/release-v2.0.0/COMPONENT_CAT2/source/cyhal_syspm.o
 .data._cyhal_tcpwm_syspm_callback_data
                0x200000d0       0x10 C:/Users/mattf/OneDrive/ece315/ece315-mtb-mfrisch3-submit-app/build/CY8CKIT-145-40XX/Debug/ext/mtb_shared/mtb-hal-cat2/release-v2.0.0/COMPONENT_CAT2/source/cyhal_tcpwm_common.o
 .data.cyhal_mux_to_sources
                0x200000e0        0x4 C:/Users/mattf/OneDrive/ece315/ece315-mtb-mfrisch3-submit-app/build/CY8CKIT-145-40XX/Debug/ext/mtb_shared/mtb-hal-cat2/release-v2.0.0/COMPONENT_CAT2/source/triggers/cyhal_triggers_psoc4000s.o
                0x200000e0                cyhal_mux_to_sources
 .data.impure_data
                0x200000e4       0x60 c:/users/mattf/modustoolbox/tools_2.4/gcc/bin/../lib/gcc/arm-none-eabi/10.3.1/../../../../arm-none-eabi/lib/thumb/v6-m/nofp\libg_nano.a(lib_a-impure.o)
                0x20000144                . = ALIGN (0x4)
                0x20000144                PROVIDE (__preinit_array_start = .)
 *(.preinit_array)
                0x20000144                PROVIDE (__preinit_array_end = .)
                0x20000144                . = ALIGN (0x4)
                0x20000144                PROVIDE (__init_array_start = .)
 *(SORT_BY_NAME(.init_array.*))
 *(.init_array)
 .init_array    0x20000144        0x4 c:/users/mattf/modustoolbox/tools_2.4/gcc/bin/../lib/gcc/arm-none-eabi/10.3.1/thumb/v6-m/nofp/crtbegin.o
                0x20000148                PROVIDE (__init_array_end = .)
                0x20000148                . = ALIGN (0x4)
                [!provide]                PROVIDE (__fini_array_start = .)
 *(SORT_BY_NAME(.fini_array.*))
 *(.fini_array)
 .fini_array    0x20000148        0x4 c:/users/mattf/modustoolbox/tools_2.4/gcc/bin/../lib/gcc/arm-none-eabi/10.3.1/thumb/v6-m/nofp/crtbegin.o
                [!provide]                PROVIDE (__fini_array_end = .)
 *(.jcr*)
                0x2000014c                . = ALIGN (0x4)
                0x2000014c                __data_end__ = .

.igot.plt       0x2000014c        0x0 load address 0x00003d08
 .igot.plt      0x2000014c        0x0 c:/users/mattf/modustoolbox/tools_2.4/gcc/bin/../lib/gcc/arm-none-eabi/10.3.1/thumb/v6-m/nofp/crtbegin.o

.noinit         0x20000150       0x20 load address 0x00003d08
 *(.noinit)
 .noinit        0x20000150       0x20 C:/Users/mattf/OneDrive/ece315/ece315-mtb-mfrisch3-submit-app/build/CY8CKIT-145-40XX/Debug/ext/mtb_shared/mtb-pdl-cat2/release-v1.6.1/drivers/source/cy_syslib.o
                0x20000150                cy_faultFrame

.bss            0x20000170       0xfc load address 0x00003d08
                0x20000170                . = ALIGN (0x4)
                0x20000170                __bss_start__ = .
 *(.bss)
 .bss           0x20000170       0x1c c:/users/mattf/modustoolbox/tools_2.4/gcc/bin/../lib/gcc/arm-none-eabi/10.3.1/thumb/v6-m/nofp/crtbegin.o
 *(.bss.*)
 .bss.ALERT_BUTTON_PRESSED
                0x2000018c        0x1 C:/Users/mattf/OneDrive/ece315/ece315-mtb-mfrisch3-submit-app/build/CY8CKIT-145-40XX/Debug/drivers/ece315_buttons.o
                0x2000018c                ALERT_BUTTON_PRESSED
 .bss.prev_button.0
                0x2000018d        0x1 C:/Users/mattf/OneDrive/ece315/ece315-mtb-mfrisch3-submit-app/build/CY8CKIT-145-40XX/Debug/drivers/ece315_buttons.o
 *fill*         0x2000018e        0x2 
 .bss.timer_button_cfg
                0x20000190       0x10 C:/Users/mattf/OneDrive/ece315/ece315-mtb-mfrisch3-submit-app/build/CY8CKIT-145-40XX/Debug/drivers/ece315_buttons.o
                0x20000190                timer_button_cfg
 .bss.timer_button_obj
                0x200001a0       0x30 C:/Users/mattf/OneDrive/ece315/ece315-mtb-mfrisch3-submit-app/build/CY8CKIT-145-40XX/Debug/drivers/ece315_buttons.o
                0x200001a0                timer_button_obj
 .bss.pwm_buzzer_obj
                0x200001d0       0x30 C:/Users/mattf/OneDrive/ece315/ece315-mtb-mfrisch3-submit-app/build/CY8CKIT-145-40XX/Debug/drivers/ece315_buzzer.o
                0x200001d0                pwm_buzzer_obj
 .bss.ALERT_LEDS_OFF
                0x20000200        0x1 C:/Users/mattf/OneDrive/ece315/ece315-mtb-mfrisch3-submit-app/build/CY8CKIT-145-40XX/Debug/drivers/ece315_leds.o
                0x20000200                ALERT_LEDS_OFF
 .bss.ALERT_LEDS_ON
                0x20000201        0x1 C:/Users/mattf/OneDrive/ece315/ece315-mtb-mfrisch3-submit-app/build/CY8CKIT-145-40XX/Debug/drivers/ece315_leds.o
                0x20000201                ALERT_LEDS_ON
 .bss.count.0   0x20000202        0x1 C:/Users/mattf/OneDrive/ece315/ece315-mtb-mfrisch3-submit-app/build/CY8CKIT-145-40XX/Debug/drivers/ece315_leds.o
 *fill*         0x20000203        0x1 
 .bss.timer_led_cfg
                0x20000204       0x10 C:/Users/mattf/OneDrive/ece315/ece315-mtb-mfrisch3-submit-app/build/CY8CKIT-145-40XX/Debug/drivers/ece315_leds.o
                0x20000204                timer_led_cfg
 .bss.timer_led_obj
                0x20000214       0x30 C:/Users/mattf/OneDrive/ece315/ece315-mtb-mfrisch3-submit-app/build/CY8CKIT-145-40XX/Debug/drivers/ece315_leds.o
                0x20000214                timer_led_obj
 .bss.cyhal_used
                0x20000244        0xa C:/Users/mattf/OneDrive/ece315/ece315-mtb-mfrisch3-submit-app/build/CY8CKIT-145-40XX/Debug/ext/mtb_shared/mtb-hal-cat2/release-v2.0.0/COMPONENT_CAT2/source/cyhal_hwmgr.o
 *fill*         0x2000024e        0x2 
 .bss._cyhal_tcpwm_data_structs
                0x20000250       0x14 C:/Users/mattf/OneDrive/ece315/ece315-mtb-mfrisch3-submit-app/build/CY8CKIT-145-40XX/Debug/ext/mtb_shared/mtb-hal-cat2/release-v2.0.0/COMPONENT_CAT2/source/cyhal_tcpwm_common.o
 .bss._cyhal_tcpwm_pm_transition_pending_value
                0x20000264        0x1 C:/Users/mattf/OneDrive/ece315/ece315-mtb-mfrisch3-submit-app/build/CY8CKIT-145-40XX/Debug/ext/mtb_shared/mtb-hal-cat2/release-v2.0.0/COMPONENT_CAT2/source/cyhal_tcpwm_common.o
 *fill*         0x20000265        0x3 
 .bss.extClkFreq
                0x20000268        0x4 C:/Users/mattf/OneDrive/ece315/ece315-mtb-mfrisch3-submit-app/build/CY8CKIT-145-40XX/Debug/ext/mtb_shared/mtb-pdl-cat2/release-v1.6.1/drivers/source/cy_sysclk.o
 *(COMMON)
                0x2000026c                . = ALIGN (0x4)
                0x2000026c                __bss_end__ = .

.heap           0x2000026c      0x994 load address 0x00003d08
                0x2000026c                . = ALIGN (0x4)
                0x2000026c                __HeapBase = .
                0x2000026c                __end__ = .
                [!provide]                PROVIDE (end = .)
                0x20000c00                . = ((ORIGIN (RAM) + LENGTH (RAM)) - __STACK_SIZE)
 *fill*         0x2000026c      0x994 
                0x20000c00                __HeapLimit = .

.stack          0x20000c00      0x400 load address 0x00003d08
                0x20000c00                . = ((ORIGIN (RAM) + LENGTH (RAM)) - __STACK_SIZE)
                0x20000c00                . = ALIGN (0x4)
                0x20000c00                __StackLimit = .
                0x20001000                . = (. + __STACK_SIZE)
 *fill*         0x20000c00      0x400 
                0x20001000                . = ALIGN (0x4)
                0x20001000                __StackTop = .
                0x20001000                PROVIDE (__stack = __StackTop)
                0x00000001                ASSERT ((__StackLimit >= __HeapLimit), region RAM overflowed with stack)

.cyflashprotect
 *(.cyflashprotect)

.cymeta
 *(.cymeta)

.cychipprotect
 *(.cychipprotect)
                0x00000000                __cy_memory_0_start = 0x0
                0x00008000                __cy_memory_0_length = 0x8000
                0x00000080                __cy_memory_0_row_size = 0x80
OUTPUT(C:/Users/mattf/OneDrive/ece315/ece315-mtb-mfrisch3-submit-app/build/CY8CKIT-145-40XX/Debug/mtb-example-psoc4-empty-app.elf elf32-littlearm)
LOAD linker stubs

.ARM.attributes
                0x00000000       0x28
 .ARM.attributes
                0x00000000       0x1e c:/users/mattf/modustoolbox/tools_2.4/gcc/bin/../lib/gcc/arm-none-eabi/10.3.1/thumb/v6-m/nofp/crti.o
 .ARM.attributes
                0x0000001e       0x2c c:/users/mattf/modustoolbox/tools_2.4/gcc/bin/../lib/gcc/arm-none-eabi/10.3.1/thumb/v6-m/nofp/crtbegin.o
 .ARM.attributes
                0x0000004a       0x1b c:/users/mattf/modustoolbox/tools_2.4/gcc/bin/../lib/gcc/arm-none-eabi/10.3.1/../../../../arm-none-eabi/lib/thumb/v6-m/nofp/crt0.o
 .ARM.attributes
                0x00000065       0x2c C:/Users/mattf/OneDrive/ece315/ece315-mtb-mfrisch3-submit-app/build/CY8CKIT-145-40XX/Debug/drivers/ece315_buttons.o
 .ARM.attributes
                0x00000091       0x2c C:/Users/mattf/OneDrive/ece315/ece315-mtb-mfrisch3-submit-app/build/CY8CKIT-145-40XX/Debug/drivers/ece315_buzzer.o
 .ARM.attributes
                0x000000bd       0x2c C:/Users/mattf/OneDrive/ece315/ece315-mtb-mfrisch3-submit-app/build/CY8CKIT-145-40XX/Debug/drivers/ece315_leds.o
 .ARM.attributes
                0x000000e9       0x2c C:/Users/mattf/OneDrive/ece315/ece315-mtb-mfrisch3-submit-app/build/CY8CKIT-145-40XX/Debug/drivers/timer.o
 .ARM.attributes
                0x00000115       0x2c C:/Users/mattf/OneDrive/ece315/ece315-mtb-mfrisch3-submit-app/build/CY8CKIT-145-40XX/Debug/libs/TARGET_CY8CKIT-145-40XX/startup_psoc4000s.o
 .ARM.attributes
                0x00000141       0x2c C:/Users/mattf/OneDrive/ece315/ece315-mtb-mfrisch3-submit-app/build/CY8CKIT-145-40XX/Debug/libs/TARGET_CY8CKIT-145-40XX/system_cat2.o
 .ARM.attributes
                0x0000016d       0x2c C:/Users/mattf/OneDrive/ece315/ece315-mtb-mfrisch3-submit-app/build/CY8CKIT-145-40XX/Debug/main.o
 .ARM.attributes
                0x00000199       0x1c C:/Users/mattf/OneDrive/ece315/ece315-mtb-mfrisch3-submit-app/build/CY8CKIT-145-40XX/Debug/ext/mtb_shared/mtb-pdl-cat2/release-v1.6.1/drivers/source/COMPONENT_CM0P/TOOLCHAIN_GCC_ARM/cy_syslib_gcc.o
 .ARM.attributes
                0x000001b5       0x2c C:/Users/mattf/OneDrive/ece315/ece315-mtb-mfrisch3-submit-app/build/CY8CKIT-145-40XX/Debug/ext/mtb_shared/mtb-hal-cat2/release-v2.0.0/COMPONENT_CAT2/source/cyhal_clock.o
 .ARM.attributes
                0x000001e1       0x2c C:/Users/mattf/OneDrive/ece315/ece315-mtb-mfrisch3-submit-app/build/CY8CKIT-145-40XX/Debug/ext/mtb_shared/mtb-hal-cat2/release-v2.0.0/COMPONENT_CAT2/source/cyhal_gpio.o
 .ARM.attributes
                0x0000020d       0x2c C:/Users/mattf/OneDrive/ece315/ece315-mtb-mfrisch3-submit-app/build/CY8CKIT-145-40XX/Debug/ext/mtb_shared/mtb-hal-cat2/release-v2.0.0/COMPONENT_CAT2/source/cyhal_hwmgr.o
 .ARM.attributes
                0x00000239       0x2c C:/Users/mattf/OneDrive/ece315/ece315-mtb-mfrisch3-submit-app/build/CY8CKIT-145-40XX/Debug/ext/mtb_shared/mtb-hal-cat2/release-v2.0.0/COMPONENT_CAT2/source/cyhal_interconnect.o
 .ARM.attributes
                0x00000265       0x2c C:/Users/mattf/OneDrive/ece315/ece315-mtb-mfrisch3-submit-app/build/CY8CKIT-145-40XX/Debug/ext/mtb_shared/mtb-hal-cat2/release-v2.0.0/COMPONENT_CAT2/source/cyhal_pwm.o
 .ARM.attributes
                0x00000291       0x2c C:/Users/mattf/OneDrive/ece315/ece315-mtb-mfrisch3-submit-app/build/CY8CKIT-145-40XX/Debug/ext/mtb_shared/mtb-hal-cat2/release-v2.0.0/COMPONENT_CAT2/source/cyhal_syspm.o
 .ARM.attributes
                0x000002bd       0x2c C:/Users/mattf/OneDrive/ece315/ece315-mtb-mfrisch3-submit-app/build/CY8CKIT-145-40XX/Debug/ext/mtb_shared/mtb-hal-cat2/release-v2.0.0/COMPONENT_CAT2/source/cyhal_system.o
 .ARM.attributes